Component: ARM Compiler 5.06 update 5 (build 528) Tool: armlink [4d35e2]

==============================================================================

Section Cross References

    main.o(i.main) refers to _printf_percent.o(.ARM.Collect$$_printf_percent$$00000000) for _printf_percent
    main.o(i.main) refers to _printf_d.o(.ARM.Collect$$_printf_percent$$00000009) for _printf_d
    main.o(i.main) refers to _printf_dec.o(.text) for _printf_int_dec
    main.o(i.main) refers to _printf_f.o(.ARM.Collect$$_printf_percent$$00000003) for _printf_f
    main.o(i.main) refers to printf1.o(x$fpl$printf1) for _printf_fp_dec
    main.o(i.main) refers to misc.o(i.NVIC_PriorityGroupConfig) for NVIC_PriorityGroupConfig
    main.o(i.main) refers to delay.o(i.delay_init) for delay_init
    main.o(i.main) refers to usart.o(i.uart_init) for uart_init
    main.o(i.main) refers to led.o(i.LED_Init) for LED_Init
    main.o(i.main) refers to led.o(i.Amp_Init) for Amp_Init
    main.o(i.main) refers to ad.o(i.ad_init) for ad_init
    main.o(i.main) refers to usart3.o(i.usart3_init) for usart3_init
    main.o(i.main) refers to oled.o(i.OLED_Init) for OLED_Init
    main.o(i.main) refers to a9g.o(i.A9G_Init) for A9G_Init
    main.o(i.main) refers to timer.o(i.TIM3_Int_Init) for TIM3_Int_Init
    main.o(i.main) refers to dac.o(i.Dac1_Init) for Dac1_Init
    main.o(i.main) refers to timer.o(i.TIM4_Int_Init) for TIM4_Int_Init
    main.o(i.main) refers to oled.o(i.OLED_ShowString) for OLED_ShowString
    main.o(i.main) refers to delay.o(i.delay_ms) for delay_ms
    main.o(i.main) refers to key.o(i.KEY_Scan) for KEY_Scan
    main.o(i.main) refers to ad.o(i.sweep_read) for sweep_read
    main.o(i.main) refers to ad.o(i.cal_res) for cal_res
    main.o(i.main) refers to oled.o(i.OLED_Clear) for OLED_Clear
    main.o(i.main) refers to __2sprintf.o(.text) for __2sprintf
    main.o(i.main) refers to dleqf.o(x$fpl$dleqf) for __aeabi_cdcmple
    main.o(i.main) refers to ddiv.o(x$fpl$ddiv) for __aeabi_ddiv
    main.o(i.main) refers to timer.o(.data) for duty
    main.o(i.main) refers to ad.o(.bss) for dat
    system_stm32f10x.o(i.SystemCoreClockUpdate) refers to system_stm32f10x.o(.data) for .data
    system_stm32f10x.o(i.SystemInit) refers to system_stm32f10x.o(i.SetSysClockTo72) for SetSysClockTo72
    led.o(i.Amp_Init) refers to stm32f10x_rcc.o(i.RCC_APB2PeriphClockCmd) for RCC_APB2PeriphClockCmd
    led.o(i.Amp_Init) refers to stm32f10x_gpio.o(i.GPIO_Init) for GPIO_Init
    led.o(i.Amp_Init) refers to stm32f10x_gpio.o(i.GPIO_ResetBits) for GPIO_ResetBits
    led.o(i.Amp_Init) refers to stm32f10x_gpio.o(i.GPIO_SetBits) for GPIO_SetBits
    led.o(i.LED_Init) refers to stm32f10x_rcc.o(i.RCC_APB2PeriphClockCmd) for RCC_APB2PeriphClockCmd
    led.o(i.LED_Init) refers to stm32f10x_gpio.o(i.GPIO_Init) for GPIO_Init
    led.o(i.LED_Init) refers to stm32f10x_gpio.o(i.GPIO_SetBits) for GPIO_SetBits
    key.o(i.KEY_Init) refers to stm32f10x_rcc.o(i.RCC_APB2PeriphClockCmd) for RCC_APB2PeriphClockCmd
    key.o(i.KEY_Init) refers to stm32f10x_gpio.o(i.GPIO_Init) for GPIO_Init
    key.o(i.KEY_Scan) refers to stm32f10x_gpio.o(i.GPIO_ReadInputDataBit) for GPIO_ReadInputDataBit
    key.o(i.KEY_Scan) refers to delay.o(i.delay_ms) for delay_ms
    key.o(i.KEY_Scan) refers to key.o(.data) for .data
    spi.o(i.SPI2_Init) refers to stm32f10x_rcc.o(i.RCC_APB2PeriphClockCmd) for RCC_APB2PeriphClockCmd
    spi.o(i.SPI2_Init) refers to stm32f10x_rcc.o(i.RCC_APB1PeriphClockCmd) for RCC_APB1PeriphClockCmd
    spi.o(i.SPI2_Init) refers to stm32f10x_gpio.o(i.GPIO_Init) for GPIO_Init
    spi.o(i.SPI2_Init) refers to stm32f10x_gpio.o(i.GPIO_SetBits) for GPIO_SetBits
    spi.o(i.SPI2_Init) refers to stm32f10x_spi.o(i.SPI_Init) for SPI_Init
    spi.o(i.SPI2_Init) refers to stm32f10x_spi.o(i.SPI_Cmd) for SPI_Cmd
    spi.o(i.SPI2_ReadWriteByte) refers to stm32f10x_spi.o(i.SPI_I2S_GetFlagStatus) for SPI_I2S_GetFlagStatus
    spi.o(i.SPI2_ReadWriteByte) refers to stm32f10x_spi.o(i.SPI_I2S_SendData) for SPI_I2S_SendData
    spi.o(i.SPI2_ReadWriteByte) refers to stm32f10x_spi.o(i.SPI_I2S_ReceiveData) for SPI_I2S_ReceiveData
    spi.o(i.SPI2_SetSpeed) refers to stm32f10x_spi.o(i.SPI_Cmd) for SPI_Cmd
    ad.o(i.ad_init) refers to spi.o(i.SPI2_Init) for SPI2_Init
    ad.o(i.ad_init) refers to ad.o(i.io_init) for io_init
    ad.o(i.ad_init) refers to spi.o(i.SPI2_ReadWriteByte) for SPI2_ReadWriteByte
    ad.o(i.ad_init) refers to delay.o(i.delay_ms) for delay_ms
    ad.o(i.ad_init) refers to ad.o(i.write_reg) for write_reg
    ad.o(i.cal_res) refers to dflt_clz.o(x$fpl$dflt) for __aeabi_i2d
    ad.o(i.cal_res) refers to ddiv.o(x$fpl$ddiv) for __aeabi_ddiv
    ad.o(i.cal_res) refers to dmul.o(x$fpl$dmul) for __aeabi_dmul
    ad.o(i.cal_res) refers to daddsub_clz.o(x$fpl$dsub) for __aeabi_dsub
    ad.o(i.io_init) refers to stm32f10x_rcc.o(i.RCC_APB2PeriphClockCmd) for RCC_APB2PeriphClockCmd
    ad.o(i.io_init) refers to stm32f10x_gpio.o(i.GPIO_Init) for GPIO_Init
[...]
    _printf_longlong_oct_internal            0x08000ce5   Thumb Code     0  _printf_oct_int_ll.o(.text)
    .text                                    0x08000d54   Section        0  _printf_hex_int_ll_ptr.o(.text)
    _printf_hex_common                       0x08000d55   Thumb Code     0  _printf_hex_int_ll_ptr.o(.text)
    .text                                    0x08000de8   Section        8  rt_locale_intlibspace.o(.text)
    .text                                    0x08000df0   Section      138  lludiv10.o(.text)
    .text                                    0x08000e7c   Section        0  _printf_fp_infnan.o(.text)
    .text                                    0x08000efc   Section        0  _printf_char.o(.text)
    .text                                    0x08000f28   Section        0  _printf_wchar.o(.text)
    .text                                    0x08000f54   Section        0  bigflt0.o(.text)
    .text                                    0x08001038   Section        0  ferror.o(.text)
    .text                                    0x08001040   Section        0  _wcrtomb.o(.text)
    .text                                    0x08001080   Section        8  libspace.o(.text)
    .text                                    0x08001088   Section       74  sys_stackheap_outer.o(.text)
    .text                                    0x080010d4   Section       16  rt_ctype_table.o(.text)
    .text                                    0x080010e4   Section        0  exit.o(.text)
    .text                                    0x080010f8   Section      128  strcmpv7m.o(.text)
    CL$$btod_d2e                             0x08001178   Section       62  btod.o(CL$$btod_d2e)
    CL$$btod_d2e_denorm_low                  0x080011b6   Section       70  btod.o(CL$$btod_d2e_denorm_low)
    CL$$btod_d2e_norm_op1                    0x080011fc   Section       96  btod.o(CL$$btod_d2e_norm_op1)
    CL$$btod_div_common                      0x0800125c   Section      824  btod.o(CL$$btod_div_common)
    CL$$btod_e2e                             0x08001594   Section      220  btod.o(CL$$btod_e2e)
    CL$$btod_ediv                            0x08001670   Section       42  btod.o(CL$$btod_ediv)
    CL$$btod_emul                            0x0800169a   Section       42  btod.o(CL$$btod_emul)
    CL$$btod_mult_common                     0x080016c4   Section      580  btod.o(CL$$btod_mult_common)
    i.A9G_Init                               0x08001908   Section        0  a9g.o(i.A9G_Init)
    i.A9G_check_cmd                          0x08001924   Section        0  a9g.o(i.A9G_check_cmd)
    i.A9G_send_cmd                           0x0800194c   Section        0  a9g.o(i.A9G_send_cmd)
    i.Amp_Init                               0x080019a4   Section        0  led.o(i.Amp_Init)
    i.BusFault_Handler                       0x080019e4   Section        0  stm32f10x_it.o(i.BusFault_Handler)
    i.DAC_Cmd                                0x080019e8   Section        0  stm32f10x_dac.o(i.DAC_Cmd)
    i.DAC_Init                               0x08001a00   Section        0  stm32f10x_dac.o(i.DAC_Init)
    i.DAC_SetChannel1Data                    0x08001a28   Section        0  stm32f10x_dac.o(i.DAC_SetChannel1Data)
    i.Dac1_Init                              0x08001a3c   Section        0  dac.o(i.Dac1_Init)
    i.DebugMon_Handler                       0x08001aa0   Section        0  stm32f10x_it.o(i.DebugMon_Handler)
    i.GPIO_Init                              0x08001aa2   Section        0  stm32f10x_gpio.o(i.GPIO_Init)
    i.GPIO_ReadInputDataBit                  0x08001b3e   Section        0  stm32f10x_gpio.o(i.GPIO_ReadInputDataBit)
    i.GPIO_ResetBits                         0x08001b4c   Section        0  stm32f10x_gpio.o(i.GPIO_ResetBits)
    i.GPIO_SetBits                           0x08001b50   Section        0  stm32f10x_gpio.o(i.GPIO_SetBits)
    i.HardFault_Handler                      0x08001b54   Section        0  stm32f10x_it.o(i.HardFault_Handler)
    i.KEY_Scan                               0x08001b58   Section        0  key.o(i.KEY_Scan)
    i.LED_Init                               0x08001c00   Section        0  led.o(i.LED_Init)
    i.MemManage_Handler                      0x08001c34   Section        0  stm32f10x_it.o(i.MemManage_Handler)
    i.NMI_Handler                            0x08001c36   Section        0  stm32f10x_it.o(i.NMI_Handler)
    i.NVIC_Init                              0x08001c38   Section        0  misc.o(i.NVIC_Init)
    i.NVIC_PriorityGroupConfig               0x08001c9c   Section        0  misc.o(i.NVIC_PriorityGroupConfig)
    i.OLED_Clear                             0x08001cb0   Section        0  oled.o(i.OLED_Clear)
    i.OLED_Init                              0x08001cec   Section        0  oled.o(i.OLED_Init)
    i.OLED_Set_Pos                           0x08001e64   Section        0  oled.o(i.OLED_Set_Pos)
    i.OLED_ShowChar                          0x08001e90   Section        0  oled.o(i.OLED_ShowChar)
    i.OLED_ShowString                        0x08001ef0   Section        0  oled.o(i.OLED_ShowString)
    i.OLED_WR_Byte                           0x08001f24   Section        0  oled.o(i.OLED_WR_Byte)
    i.PendSV_Handler                         0x08001f98   Section        0  stm32f10x_it.o(i.PendSV_Handler)
    i.RCC_APB1PeriphClockCmd                 0x08001f9c   Section        0  stm32f10x_rcc.o(i.RCC_APB1PeriphClockCmd)
    i.RCC_APB1PeriphResetCmd                 0x08001fb4   Section        0  stm32f10x_rcc.o(i.RCC_APB1PeriphResetCmd)
    i.RCC_APB2PeriphClockCmd                 0x08001fcc   Section        0  stm32f10x_rcc.o(i.RCC_APB2PeriphClockCmd)
    i.RCC_APB2PeriphResetCmd                 0x08001fe4   Section        0  stm32f10x_rcc.o(i.RCC_APB2PeriphResetCmd)
    i.RCC_GetClocksFreq                      0x08001ffc   Section        0  stm32f10x_rcc.o(i.RCC_GetClocksFreq)
    i.SPI2_Init                              0x08002090   Section        0  spi.o(i.SPI2_Init)
    i.SPI2_ReadWriteByte                     0x0800211c   Section        0  spi.o(i.SPI2_ReadWriteByte)
    i.SPI_Cmd                                0x0800216c   Section        0  stm32f10x_spi.o(i.SPI_Cmd)
    i.SPI_I2S_GetFlagStatus                  0x08002180   Section        0  stm32f10x_spi.o(i.SPI_I2S_GetFlagStatus)
    i.SPI_I2S_ReceiveData                    0x0800218e   Section        0  stm32f10x_spi.o(i.SPI_I2S_ReceiveData)
    i.SPI_I2S_SendData                       0x08002192   Section        0  stm32f10x_spi.o(i.SPI_I2S_SendData)
    i.SPI_Init                               0x08002196   Section        0  stm32f10x_spi.o(i.SPI_Init)
    i.SVC_Handler                            0x080021ce   Section        0  stm32f10x_it.o(i.SVC_Handler)
    i.SetSysClockTo72                        0x080021d0   Section        0  system_stm32f10x.o(i.SetSysClockTo72)
    SetSysClockTo72                          0x080021d1   Thumb Code   160  system_stm32f10x.o(i.SetSysClockTo72)
    i.SysTick_CLKSourceConfig                0x08002278   Section        0  misc.o(i.SysTick_CLKSourceConfig)
    i.SysTick_Handler                        0x08002290   Section        0  stm32f10x_it.o(i.SysTick_Handler)
    i.SystemInit                             0x08002294   Section        0  system_stm32f10x.o(i.SystemInit)
    i.TIM2_IRQHandler                        0x080022e4   Section        0  timer.o(i.TIM2_IRQHandler)
    i.TIM2_Int_Init                          0x08002318   Section        0  timer.o(i.TIM2_Int_Init)
    i.TIM3_IRQHandler                        0x08002374   Section        0  timer.o(i.TIM3_IRQHandler)
    i.TIM3_Int_Init                          0x080023c4   Section        0  timer.o(i.TIM3_Int_Init)
    i.TIM4_IRQHandler                        0x08002424   Section        0  timer.o(i.TIM4_IRQHandler)
    i.TIM4_Int_Init                          0x080024ac   Section        0  timer.o(i.TIM4_Int_Init)
    i.TIM_ClearITPendingBit                  0x0800250c   Section        0  stm32f10x_tim.o(i.TIM_ClearITPendingBit)
    i.TIM_Cmd                                0x08002512   Section        0  stm32f10x_tim.o(i.TIM_Cmd)
    i.TIM_GetITStatus                        0x08002526   Section        0  stm32f10x_tim.o(i.TIM_GetITStatus)
    i.TIM_ITConfig                           0x0800253e   Section        0  stm32f10x_tim.o(i.TIM_ITConfig)
    i.TIM_SetCounter                         0x0800254e   Section        0  stm32f10x_tim.o(i.TIM_SetCounter)
    i.TIM_TimeBaseInit                       0x08002554   Section        0  stm32f10x_tim.o(i.TIM_TimeBaseInit)
    i.USART1_IRQHandler                      0x080025f0   Section        0  usart.o(i.USART1_IRQHandler)
    i.USART3_IRQHandler                      0x08002654   Section        0  usart3.o(i.USART3_IRQHandler)
    i.USART_Cmd                              0x080026bc   Section        0  stm32f10x_usart.o(i.USART_Cmd)
    i.USART_DeInit                           0x080026d0   Section        0  stm32f10x_usart.o(i.USART_DeInit)
    i.USART_GetFlagStatus                    0x08002744   Section        0  stm32f10x_usart.o(i.USART_GetFlagStatus)
    i.USART_GetITStatus                      0x08002752   Section        0  stm32f10x_usart.o(i.USART_GetITStatus)
    i.USART_ITConfig                         0x08002790   Section        0  stm32f10x_usart.o(i.USART_ITConfig)
    i.USART_Init                             0x080027c0   Section        0  stm32f10x_usart.o(i.USART_Init)
    i.USART_ReceiveData                      0x0800286c   Section        0  stm32f10x_usart.o(i.USART_ReceiveData)
    i.USART_SendData                         0x08002874   Section        0  stm32f10x_usart.o(i.USART_SendData)
    i.UsageFault_Handler                     0x0800287c   Section        0  stm32f10x_it.o(i.UsageFault_Handler)
    i.__ARM_fpclassify                       0x0800287e   Section        0  fpclassify.o(i.__ARM_fpclassify)
    i._is_digit                              0x080028a6   Section        0  __printf_wp.o(i._is_digit)
    i._sys_exit                              0x080028b4   Section        0  usart.o(i._sys_exit)
    i.ad_init                                0x080028b8   Section        0  ad.o(i.ad_init)
    i.cal_res                                0x080028f0   Section        0  ad.o(i.cal_res)
    i.delay_init                             0x08002934   Section        0  delay.o(i.delay_init)
    i.delay_ms                               0x08002970   Section        0  delay.o(i.delay_ms)
    i.fputc                                  0x080029a4   Section        0  usart.o(i.fputc)
    i.io_init                                0x080029bc   Section        0  ad.o(i.io_init)
    i.main                                   0x08002a14   Section        0  main.o(i.main)
    i.read                                   0x08002cc4   Section        0  ad.o(i.read)
    i.read_data                              0x08002ccc   Section        0  ad.o(i.read_data)
    i.set_mux                                0x08002d04   Section        0  ad.o(i.set_mux)
    i.set_pga                                0x08002d12   Section        0  ad.o(i.set_pga)
    i.sweep_read                             0x08002d1c   Section        0  ad.o(i.sweep_read)
    i.u3_printf                              0x08002da4   Section        0  usart3.o(i.u3_printf)
    i.uart_init                              0x08002df0   Section        0  usart.o(i.uart_init)
    i.usart3_init                            0x08002e90   Section        0  usart3.o(i.usart3_init)
    i.write_reg                              0x08002f58   Section        0  ad.o(i.write_reg)
    locale$$code                             0x08002f74   Section       44  lc_numeric_c.o(locale$$code)
    locale$$code                             0x08002fa0   Section       44  lc_ctype_c.o(locale$$code)
    x$fpl$dadd                               0x08002fcc   Section      336  daddsub_clz.o(x$fpl$dadd)
    _dadd1                                   0x08002fdd   Thumb Code     0  daddsub_clz.o(x$fpl$dadd)
    x$fpl$dcmpinf                            0x0800311c   Section       24  dcmpi.o(x$fpl$dcmpinf)
    x$fpl$ddiv                               0x08003134   Section      688  ddiv.o(x$fpl$ddiv)
    ddiv_entry                               0x0800313b   Thumb Code     0  ddiv.o(x$fpl$ddiv)
    x$fpl$dflt                               0x080033e4   Section       46  dflt_clz.o(x$fpl$dflt)
    x$fpl$dleqf                              0x08003414   Section      120  dleqf.o(x$fpl$dleqf)
    x$fpl$dmul                               0x0800348c   Section      340  dmul.o(x$fpl$dmul)
    x$fpl$dnaninf                            0x080035e0   Section      156  dnaninf.o(x$fpl$dnaninf)
    x$fpl$dretinf                            0x0800367c   Section       12  dretinf.o(x$fpl$dretinf)
    x$fpl$dsub                               0x08003688   Section      468  daddsub_clz.o(x$fpl$dsub)
    _dsub1                                   0x08003699   Thumb Code     0  daddsub_clz.o(x$fpl$dsub)
    x$fpl$printf1                            0x0800385c   Section        4  printf1.o(x$fpl$printf1)
    .constdata                               0x08003860   Section    144000  timer.o(.constdata)
    x$fpl$usenofp                            0x08003860   Section        0  usenofp.o(x$fpl$usenofp)
    v                                        0x08003860   Data       144000  timer.o(.constdata)
    .constdata                               0x08026ae0   Section     1520  oled.o(.constdata)
    .constdata                               0x080270d0   Section       17  __printf_flags_ss_wp.o(.constdata)
    maptable                                 0x080270d0   Data          17  __printf_flags_ss_wp.o(.constdata)
    .constdata                               0x080270e4   Section        8  _printf_wctomb.o(.constdata)
    initial_mbstate                          0x080270e4   Data           8  _printf_wctomb.o(.constdata)
    .constdata                               0x080270ec   Section       40  _printf_hex_int_ll_ptr.o(.constdata)
    uc_hextab                                0x080270ec   Data          20  _printf_hex_int_ll_ptr.o(.constdata)
    lc_hextab                                0x08027100   Data          20  _printf_hex_int_ll_ptr.o(.constdata)
    .constdata                               0x08027114   Section      148  bigflt0.o(.constdata)
    tenpwrs_x                                0x08027114   Data          60  bigflt0.o(.constdata)
    tenpwrs_i                                0x08027150   Data          64  bigflt0.o(.constdata)
    locale$$data                             0x080271c8   Section       28  lc_numeric_c.o(locale$$data)
    __lcnum_c_name                           0x080271cc   Data           2  lc_numeric_c.o(locale$$data)
    __lcnum_c_start                          0x080271d4   Data           0  lc_numeric_c.o(locale$$data)
    __lcnum_c_point                          0x080271e0   Data           0  lc_numeric_c.o(locale$$data)
    __lcnum_c_thousands                      0x080271e2   Data           0  lc_numeric_c.o(locale$$data)
    __lcnum_c_grouping                       0x080271e3   Data           0  lc_numeric_c.o(locale$$data)
    locale$$data                             0x080271e4   Section      272  lc_ctype_c.o(locale$$data)
    __lcnum_c_end                            0x080271e4   Data           0  lc_numeric_c.o(locale$$data)
    __lcctype_c_name                         0x080271e8   Data           2  lc_ctype_c.o(locale$$data)
    __lcctype_c_start                        0x080271f0   Data           0  lc_ctype_c.o(locale$$data)
    __lcctype_c_end                          0x080272f4   Data           0  lc_ctype_c.o(locale$$data)
    .data                                    0x20000000   Section       20  system_stm32f10x.o(.data)
    .data                                    0x20000014   Section        1  key.o(.data)
    key_up                                   0x20000014   Data           1  key.o(.data)
    .data                                    0x20000018   Section        8  timer.o(.data)
    j                                        0x2000001a   Data           1  timer.o(.data)
    i                                        0x2000001c   Data           4  timer.o(.data)
    .data                                    0x20000020   Section        2  usart3.o(.data)
    .data                                    0x20000022   Section        4  delay.o(.data)
    fac_us                                   0x20000022   Data           1  delay.o(.data)
    fac_ms                                   0x20000024   Data           2  delay.o(.data)
    .data                                    0x20000026   Section        2  usart.o(.data)
    .data                                    0x20000028   Section        4  usart.o(.data)
    .data                                    0x2000002c   Section       20  stm32f10x_rcc.o(.data)
    ADCPrescTable                            0x2000002c   Data           4  stm32f10x_rcc.o(.data)
    APBAHBPrescTable                         0x20000030   Data          16  stm32f10x_rcc.o(.data)
    .bss                                     0x20000040   Section      192  ad.o(.bss)
    .bss                                     0x20000100   Section     1200  usart3.o(.bss)
    .bss                                     0x200005b0   Section      200  usart.o(.bss)
    .bss                                     0x20000678   Section       96  libspace.o(.bss)
    HEAP                                     0x200006d8   Section      512  startup_stm32f10x_hd.o(HEAP)
    Heap_Mem                                 0x200006d8   Data         512  startup_stm32f10x_hd.o(HEAP)
    STACK                                    0x200008d8   Section     1024  startup_stm32f10x_hd.o(STACK)
    Stack_Mem                                0x200008d8   Data        1024  startup_stm32f10x_hd.o(STACK)
    __initial_sp                             0x20000cd8   Data           0  startup_stm32f10x_hd.o(STACK)

    Global Symbols

    Symbol Name                              Value     Ov Type        Size  Object(Section)

    BuildAttributes$$THM_ISAv4$P$D$K$B$S$PE$A:L22UL41UL21$X:L11$S22US41US21$IEEE1$IW$USESV6$~STKCKD$USESV7$~SHL$OTIME$ROPI$IEEEJ$EBA8$UX$STANDARDLIB$REQ8$PRES8$EABIv2 0x00000000   Number         0  anon$$obj.o ABSOLUTE
    __ARM_use_no_argv                        0x00000000   Number         0  main.o ABSOLUTE
    _printf_flags                            0x00000000   Number         0  printf_stubs.o ABSOLUTE
    _printf_return_value                     0x00000000   Number         0  printf_stubs.o ABSOLUTE
    _printf_sizespec                         0x00000000   Number         0  printf_stubs.o ABSOLUTE
    _printf_widthprec                        0x00000000   Number         0  printf_stubs.o ABSOLUTE
    __ARM_exceptions_init                     - Undefined Weak Reference
    __alloca_initialize                       - Undefined Weak Reference
    __arm_preinit_                            - Undefined Weak Reference
    __cpp_initialize__aeabi_                  - Undefined Weak Reference
    __cxa_finalize                            - Undefined Weak Reference
    __sigvec_lookup                           - Undefined Weak Reference
    _atexit_init                              - Undefined Weak Reference
    _call_atexit_fns                          - Undefined Weak Reference
    _clock_init                               - Undefined Weak Reference
    _fp_trap_init                             - Undefined Weak Reference
    _fp_trap_shutdown                         - Undefined Weak Reference
    _get_lc_collate                           - Undefined Weak Reference
    _get_lc_monetary                          - Undefined Weak Reference
    _get_lc_time                              - Undefined Weak Reference
    _getenv_init                              - Undefined Weak Reference
    _handle_redirection                       - Undefined Weak Reference
    _init_alloc                               - Undefined Weak Reference
    _init_user_alloc                          - Undefined Weak Reference
    _initio                                   - Undefined Weak Reference
    _mutex_acquire                            - Undefined Weak Reference
    _mutex_release                            - Undefined Weak Reference
    _printf_fp_hex                            - Undefined Weak Reference
    _printf_mbtowc                            - Undefined Weak Reference
    _printf_wc                                - Undefined Weak Reference
    _rand_init                                - Undefined Weak Reference
    _signal_finish                            - Undefined Weak Reference
    _signal_init                              - Undefined Weak Reference
    _terminate_alloc                          - Undefined Weak Reference
    _terminate_user_alloc                     - Undefined Weak Reference
    _terminateio                              - Undefined Weak Reference
    __Vectors_Size                           0x00000130   Number         0  startup_stm32f10x_hd.o ABSOLUTE
    __Vectors                                0x08000000   Data           4  startup_stm32f10x_hd.o(RESET)
    __Vectors_End                            0x08000130   Data           0  startup_stm32f10x_hd.o(RESET)
    __main                                   0x08000131   Thumb Code     8  __main.o(!!!main)
    __scatterload                            0x08000139   Thumb Code     0  __scatter.o(!!!scatter)
    __scatterload_rt2                        0x08000139   Thumb Code    44  __scatter.o(!!!scatter)
    __scatterload_rt2_thumb_only             0x08000139   Thumb Code     0  __scatter.o(!!!scatter)
    __scatterload_null                       0x08000147   Thumb Code     0  __scatter.o(!!!scatter)
    __scatterload_copy                       0x0800016d   Thumb Code    26  __scatter_copy.o(!!handler_copy)
    __scatterload_zeroinit                   0x08000189   Thumb Code    28  __scatter_zi.o(!!handler_zi)
    _printf_n                                0x080001a5   Thumb Code     0  _printf_n.o(.ARM.Collect$$_printf_percent$$00000001)
    _printf_percent                          0x080001a5   Thumb Code     0  _printf_percent.o(.ARM.Collect$$_printf_percent$$00000000)
    _printf_p                                0x080001ab   Thumb Code     0  _printf_p.o(.ARM.Collect$$_printf_percent$$00000002)
    _printf_f                                0x080001b1   Thumb Code     0  _printf_f.o(.ARM.Collect$$_printf_percent$$00000003)
    _printf_e                                0x080001b7   Thumb Code     0  _printf_e.o(.ARM.Collect$$_printf_percent$$00000004)
    _printf_g                                0x080001bd   Thumb Code     0  _printf_g.o(.ARM.Collect$$_printf_percent$$00000005)
    _printf_a                                0x080001c3   Thumb Code     0  _printf_a.o(.ARM.Collect$$_printf_percent$$00000006)
    _printf_ll                               0x080001c9   Thumb Code     0  _printf_ll.o(.ARM.Collect$$_printf_percent$$00000007)
    _printf_i                                0x080001d3   Thumb Code     0  _printf_i.o(.ARM.Collect$$_printf_percent$$00000008)
    _printf_d                                0x080001d9   Thumb Code     0  _printf_d.o(.ARM.Collect$$_printf_percent$$00000009)
    _printf_u                                0x080001df   Thumb Code     0  _printf_u.o(.ARM.Collect$$_printf_percent$$0000000A)
    _printf_o                                0x080001e5   Thumb Code     0  _printf_o.o(.ARM.Collect$$_printf_percent$$0000000B)
    _printf_x                                0x080001eb   Thumb Code     0  _printf_x.o(.ARM.Collect$$_printf_percent$$0000000C)
    _printf_lli                              0x080001f1   Thumb Code     0  _printf_lli.o(.ARM.Collect$$_printf_percent$$0000000D)
    _printf_lld                              0x080001f7   Thumb Code     0  _printf_lld.o(.ARM.Collect$$_printf_percent$$0000000E)
    _printf_llu                              0x080001fd   Thumb Code     0  _printf_llu.o(.ARM.Collect$$_printf_percent$$0000000F)
    _printf_llo                              0x08000203   Thumb Code     0  _printf_llo.o(.ARM.Collect$$_printf_percent$$00000010)
    _printf_llx                              0x08000209   Thumb Code     0  _printf_llx.o(.ARM.Collect$$_printf_percent$$00000011)
    _printf_l                                0x0800020f   Thumb Code     0  _printf_l.o(.ARM.Collect$$_printf_percent$$00000012)
    _printf_c                                0x08000219   Thumb Code     0  _printf_c.o(.ARM.Collect$$_printf_percent$$00000013)
    _printf_s                                0x0800021f   Thumb Code     0  _printf_s.o(.ARM.Collect$$_printf_percent$$00000014)
    _printf_lc                               0x08000225   Thumb Code     0  _printf_lc.o(.ARM.Collect$$_printf_percent$$00000015)
    _printf_ls                               0x0800022b   Thumb Code     0  _printf_ls.o(.ARM.Collect$$_printf_percent$$00000016)
    _printf_percent_end                      0x08000231   Thumb Code     0  _printf_percent_end.o(.ARM.Collect$$_printf_percent$$00000017)
    __rt_lib_init                            0x08000235   Thumb Code     0  libinit.o(.ARM.Collect$$libinit$$00000000)
    __rt_lib_init_fp_1                       0x08000237   Thumb Code     0  libinit2.o(.ARM.Collect$$libinit$$00000002)
    __rt_lib_init_heap_1                     0x08000237   Thumb Code     0  libinit2.o(.ARM.Collect$$libinit$$0000000A)
    __rt_lib_init_lc_common                  0x08000237   Thumb Code     0  libinit2.o(.ARM.Collect$$libinit$$0000000F)
    __rt_lib_init_preinit_1                  0x08000237   Thumb Code     0  libinit2.o(.ARM.Collect$$libinit$$00000004)
    __rt_lib_init_rand_1                     0x08000237   Thumb Code     0  libinit2.o(.ARM.Collect$$libinit$$0000000E)
    __rt_lib_init_user_alloc_1               0x08000237   Thumb Code     0  libinit2.o(.ARM.Collect$$libinit$$0000000C)
    __rt_lib_init_lc_collate_1               0x0800023d   Thumb Code     0  libinit2.o(.ARM.Collect$$libinit$$00000011)
    __rt_lib_init_lc_ctype_2                 0x0800023d   Thumb Code     0  libinit2.o(.ARM.Collect$$libinit$$00000012)
    __rt_lib_init_lc_ctype_1                 0x08000249   Thumb Code     0  libinit2.o(.ARM.Collect$$libinit$$00000013)
    __rt_lib_init_lc_monetary_1              0x08000249   Thumb Code     0  libinit2.o(.ARM.Collect$$libinit$$00000015)
    __rt_lib_init_lc_numeric_2               0x08000249   Thumb Code     0  libinit2.o(.ARM.Collect$$libinit$$00000016)
    __rt_lib_init_alloca_1                   0x08000253   Thumb Code     0  libinit2.o(.ARM.Collect$$libinit$$0000002E)
    __rt_lib_init_argv_1                     0x08000253   Thumb Code     0  libinit2.o(.ARM.Collect$$libinit$$0000002C)
    __rt_lib_init_atexit_1                   0x08000253   Thumb Code     0  libinit2.o(.ARM.Collect$$libinit$$0000001B)
    __rt_lib_init_clock_1                    0x08000253   Thumb Code     0  libinit2.o(.ARM.Collect$$libinit$$00000021)
    __rt_lib_init_cpp_1                      0x08000253   Thumb Code     0  libinit2.o(.ARM.Collect$$libinit$$00000032)
    __rt_lib_init_exceptions_1               0x08000253   Thumb Code     0  libinit2.o(.ARM.Collect$$libinit$$00000030)
    __rt_lib_init_fp_trap_1                  0x08000253   Thumb Code     0  libinit2.o(.ARM.Collect$$libinit$$0000001F)
    __rt_lib_init_getenv_1                   0x08000253   Thumb Code     0  libinit2.o(.ARM.Collect$$libinit$$00000023)
    __rt_lib_init_lc_numeric_1               0x08000253   Thumb Code     0  libinit2.o(.ARM.Collect$$libinit$$00000017)
    __rt_lib_init_lc_time_1                  0x08000253   Thumb Code     0  libinit2.o(.ARM.Collect$$libinit$$00000019)
    __rt_lib_init_return                     0x08000253   Thumb Code     0  libinit2.o(.ARM.Collect$$libinit$$00000033)
    __rt_lib_init_signal_1                   0x08000253   Thumb Code     0  libinit2.o(.ARM.Collect$$libinit$$0000001D)
    __rt_lib_init_stdio_1                    0x08000253   Thumb Code     0  libinit2.o(.ARM.Collect$$libinit$$00000025)
    __rt_lib_shutdown                        0x08000255   Thumb Code     0  libshutdown.o(.ARM.Collect$$libshutdown$$00000000)
    __rt_lib_shutdown_cpp_1                  0x08000257   Thumb Code     0  libshutdown2.o(.ARM.Collect$$libshutdown$$00000002)
    __rt_lib_shutdown_fp_trap_1              0x08000257   Thumb Code     0  libshutdown2.o(.ARM.Collect$$libshutdown$$00000007)
    __rt_lib_shutdown_heap_1                 0x08000257   Thumb Code     0  libshutdown2.o(.ARM.Collect$$libshutdown$$0000000F)
    __rt_lib_shutdown_return                 0x08000257   Thumb Code     0  libshutdown2.o(.ARM.Collect$$libshutdown$$00000010)
    __rt_lib_shutdown_signal_1               0x08000257   Thumb Code     0  libshutdown2.o(.ARM.Collect$$libshutdown$$0000000A)
    __rt_lib_shutdown_stdio_1                0x08000257   Thumb Code     0  libshutdown2.o(.ARM.Collect$$libshutdown$$00000004)
    __rt_lib_shutdown_user_alloc_1           0x08000257   Thumb Code     0  libshutdown2.o(.ARM.Collect$$libshutdown$$0000000C)
    __rt_entry                               0x08000259   Thumb Code     0  __rtentry.o(.ARM.Collect$$rtentry$$00000000)
    __rt_entry_presh_1                       0x08000259   Thumb Code     0  __rtentry2.o(.ARM.Collect$$rtentry$$00000002)
    __rt_entry_sh                            0x08000259   Thumb Code     0  __rtentry4.o(.ARM.Collect$$rtentry$$00000004)
    __rt_entry_li                            0x0800025f   Thumb Code     0  __rtentry2.o(.ARM.Collect$$rtentry$$0000000A)
    __rt_entry_postsh_1                      0x0800025f   Thumb Code     0  __rtentry2.o(.ARM.Collect$$rtentry$$00000009)
    __rt_entry_main                          0x08000263   Thumb Code     0  __rtentry2.o(.ARM.Collect$$rtentry$$0000000D)
    __rt_entry_postli_1                      0x08000263   Thumb Code     0  __rtentry2.o(.ARM.Collect$$rtentry$$0000000C)
    __rt_exit                                0x0800026b   Thumb Code     0  rtexit.o(.ARM.Collect$$rtexit$$00000000)
    __rt_exit_ls                             0x0800026d   Thumb Code     0  rtexit2.o(.ARM.Collect$$rtexit$$00000003)
    __rt_exit_prels_1                        0x0800026d   Thumb Code     0  rtexit2.o(.ARM.Collect$$rtexit$$00000002)
    __rt_exit_exit                           0x08000271   Thumb Code     0  rtexit2.o(.ARM.Collect$$rtexit$$00000004)
    Reset_Handler                            0x08000279   Thumb Code     8  startup_stm32f10x_hd.o(.text)
    ADC1_2_IRQHandler                        0x08000293   Thumb Code     0  startup_stm32f10x_hd.o(.text)
    ADC3_IRQHandler                          0x08000293   Thumb Code     0  startup_stm32f10x_hd.o(.text)
    CAN1_RX1_IRQHandler                      0x08000293   Thumb Code     0  startup_stm32f10x_hd.o(.text)
    CAN1_SCE_IRQHandler                      0x08000293   Thumb Code     0  startup_stm32f10x_hd.o(.text)
    DMA1_Channel1_IRQHandler                 0x08000293   Thumb Code     0  startup_stm32f10x_hd.o(.text)
    DMA1_Channel2_IRQHandler                 0x08000293   Thumb Code     0  startup_stm32f10x_hd.o(.text)
    DMA1_Channel3_IRQHandler                 0x08000293   Thumb Code     0  startup_stm32f10x_hd.o(.text)
    DMA1_Channel4_IRQHandler                 0x08000293   Thumb Code     0  startup_stm32f10x_hd.o(.text)
    DMA1_Channel5_IRQHandler                 0x08000293   Thumb Code     0  startup_stm32f10x_hd.o(.text)
    DMA1_Channel6_IRQHandler                 0x08000293   Thumb Code     0  startup_stm32f10x_hd.o(.text)
    DMA1_Channel7_IRQHandler                 0x08000293   Thumb Code     0  startup_stm32f10x_hd.o(.text)
    DMA2_Channel1_IRQHandler                 0x08000293   Thumb Code     0  startup_stm32f10x_hd.o(.text)
    DMA2_Channel2_IRQHandler                 0x08000293   Thumb Code     0  startup_stm32f10x_hd.o(.text)
    DMA2_Channel3_IRQHandler                 0x08000293   Thumb Code     0  startup_stm32f10x_hd.o(.text)
    DMA2_Channel4_5_IRQHandler               0x08000293   Thumb Code     0  startup_stm32f10x_hd.o(.text)
    EXTI0_IRQHandler                         0x08000293   Thumb Code     0  startup_stm32f10x_hd.o(.text)
    EXTI15_10_IRQHandler                     0x08000293   Thumb Code     0  startup_stm32f10x_hd.o(.text)
    EXTI1_IRQHandler                         0x08000293   Thumb Code     0  startup_stm32f10x_hd.o(.text)
    EXTI2_IRQHandler                         0x08000293   Thumb Code     0  startup_stm32f10x_hd.o(.text)
    EXTI3_IRQHandler                         0x08000293   Thumb Code     0  startup_stm32f10x_hd.o(.text)
    EXTI4_IRQHandler                         0x08000293   Thumb Code     0  startup_stm32f10x_hd.o(.text)
    EXTI9_5_IRQHandler                       0x08000293   Thumb Code     0  startup_stm32f10x_hd.o(.text)
    FLASH_IRQHandler                         0x08000293   Thumb Code     0  startup_stm32f10x_hd.o(.text)
    FSMC_IRQHandler                          0x08000293   Thumb Code     0  startup_stm32f10x_hd.o(.text)
    I2C1_ER_IRQHandler                       0x08000293   Thumb Code     0  startup_stm32f10x_hd.o(.text)
    I2C1_EV_IRQHandler                       0x08000293   Thumb Code     0  startup_stm32f10x_hd.o(.text)
    I2C2_ER_IRQHandler                       0x08000293   Thumb Code     0  startup_stm32f10x_hd.o(.text)
    I2C2_EV_IRQHandler                       0x08000293   Thumb Code     0  startup_stm32f10x_hd.o(.text)
    PVD_IRQHandler                           0x08000293   Thumb Code     0  startup_stm32f10x_hd.o(.text)
    RCC_IRQHandler                           0x08000293   Thumb Code     0  startup_stm32f10x_hd.o(.text)
    RTCAlarm_IRQHandler                      0x08000293   Thumb Code     0  startup_stm32f10x_hd.o(.text)
    RTC_IRQHandler                           0x08000293   Thumb Code     0  startup_stm32f10x_hd.o(.text)
    SDIO_IRQHandler                          0x08000293   Thumb Code     0  startup_stm32f10x_hd.o(.text)
    SPI1_IRQHandler                          0x08000293   Thumb Code     0  startup_stm32f10x_hd.o(.text)
    SPI2_IRQHandler                          0x08000293   Thumb Code     0  startup_stm32f10x_hd.o(.text)
    SPI3_IRQHandler                          0x08000293   Thumb Code     0  startup_stm32f10x_hd.o(.text)
    TAMPER_IRQHandler                        0x08000293   Thumb Code     0  startup_stm32f10x_hd.o(.text)
    TIM1_BRK_IRQHandler                      0x08000293   Thumb Code     0  startup_stm32f10x_hd.o(.text)
    TIM1_CC_IRQHandler                       0x08000293   Thumb Code     0  startup_stm32f10x_hd.o(.text)
    TIM1_TRG_COM_IRQHandler                  0x08000293   Thumb Code     0  startup_stm32f10x_hd.o(.text)
    TIM1_UP_IRQHandler                       0x08000293   Thumb Code     0  startup_stm32f10x_hd.o(.text)
    TIM5_IRQHandler                          0x08000293   Thumb Code     0  startup_stm32f10x_hd.o(.text)
    TIM6_IRQHandler                          0x08000293   Thumb Code     0  startup_stm32f10x_hd.o(.text)
    TIM7_IRQHandler                          0x08000293   Thumb Code     0  startup_stm32f10x_hd.o(.text)
    TIM8_BRK_IRQHandler                      0x08000293   Thumb Code     0  startup_stm32f10x_hd.o(.text)
    TIM8_CC_IRQHandler                       0x08000293   Thumb Code     0  startup_stm32f10x_hd.o(.text)
    TIM8_TRG_COM_IRQHandler                  0x08000293   Thumb Code     0  startup_stm32f10x_hd.o(.text)
    TIM8_UP_IRQHandler                       0x08000293   Thumb Code     0  startup_stm32f10x_hd.o(.text)
    UART4_IRQHandler                         0x08000293   Thumb Code     0  startup_stm32f10x_hd.o(.text)
    UART5_IRQHandler                         0x08000293   Thumb Code     0  startup_stm32f10x_hd.o(.text)
    USART2_IRQHandler                        0x08000293   Thumb Code     0  startup_stm32f10x_hd.o(.text)
    USBWakeUp_IRQHandler                     0x08000293   Thumb Code     0  startup_stm32f10x_hd.o(.text)
    USB_HP_CAN1_TX_IRQHandler                0x08000293   Thumb Code     0  startup_stm32f10x_hd.o(.text)
    USB_LP_CAN1_RX0_IRQHandler               0x08000293   Thumb Code     0  startup_stm32f10x_hd.o(.text)
    WWDG_IRQHandler                          0x08000293   Thumb Code     0  startup_stm32f10x_hd.o(.text)
    __user_initial_stackheap                 0x08000295   Thumb Code     0  startup_stm32f10x_hd.o(.text)
    __use_no_semihosting                     0x080002b9   Thumb Code     2  use_no_semi_2.o(.text)
    __c89vsprintf                            0x080002bd   Thumb Code    32  c89vsprintf.o(.text)
    __2printf                                0x080002e1   Thumb Code    20  __2printf.o(.text)
    __2sprintf                               0x080002f9   Thumb Code    38  __2sprintf.o(.text)
    _printf_int_dec                          0x08000325   Thumb Code   104  _printf_dec.o(.text)
    __printf                                 0x0800039d   Thumb Code   388  __printf_flags_ss_wp.o(.text)
    strstr                                   0x08000525   Thumb Code    36  strstr.o(.text)
    strlen                                   0x08000549   Thumb Code    62  strlen.o(.text)
    __use_two_region_memory                  0x08000587   Thumb Code     2  heapauxi.o(.text)
    __rt_heap_escrow$2region                 0x08000589   Thumb Code     2  heapauxi.o(.text)
    __rt_heap_expand$2region                 0x0800058b   Thumb Code     2  heapauxi.o(.text)
    __I$use$semihosting                      0x0800058d   Thumb Code     0  use_no_semi.o(.text)
    __use_no_semihosting_swi                 0x0800058d   Thumb Code     2  use_no_semi.o(.text)
    _printf_pre_padding                      0x0800058f   Thumb Code    44  _printf_pad.o(.text)
    _printf_post_padding                     0x080005bb   Thumb Code    34  _printf_pad.o(.text)
    _printf_truncate_signed                  0x080005dd   Thumb Code    18  _printf_truncate.o(.text)
    _printf_truncate_unsigned                0x080005ef   Thumb Code    18  _printf_truncate.o(.text)
    _printf_str                              0x08000601   Thumb Code    82  _printf_str.o(.text)
    _printf_int_common                       0x08000653   Thumb Code   178  _printf_intcommon.o(.text)
    _printf_charcount                        0x08000705   Thumb Code    40  _printf_charcount.o(.text)
    __lib_sel_fp_printf                      0x0800072d   Thumb Code     2  _printf_fp_dec.o(.text)
    _printf_fp_dec_real                      0x080008df   Thumb Code   620  _printf_fp_dec.o(.text)
    _printf_char_common                      0x08000b57   Thumb Code    32  _printf_char_common.o(.text)
    _sputc                                   0x08000b7d   Thumb Code    10  _sputc.o(.text)
    _printf_char_file                        0x08000b89   Thumb Code    32  _printf_char_file.o(.text)
    _printf_wctomb                           0x08000bad   Thumb Code   182  _printf_wctomb.o(.text)
    _printf_longlong_dec                     0x08000c69   Thumb Code   108  _printf_longlong_dec.o(.text)
    _printf_longlong_oct                     0x08000ce5   Thumb Code    66  _printf_oct_int_ll.o(.text)
    _printf_int_oct                          0x08000d27   Thumb Code    24  _printf_oct_int_ll.o(.text)
    _printf_ll_oct                           0x08000d3f   Thumb Code    12  _printf_oct_int_ll.o(.text)
    _printf_longlong_hex                     0x08000d55   Thumb Code    86  _printf_hex_int_ll_ptr.o(.text)
    _printf_int_hex                          0x08000dab   Thumb Code    28  _printf_hex_int_ll_ptr.o(.text)
    _printf_ll_hex                           0x08000dc7   Thumb Code    12  _printf_hex_int_ll_ptr.o(.text)
    _printf_hex_ptr                          0x08000dd3   Thumb Code    18  _printf_hex_int_ll_ptr.o(.text)
    __rt_locale                              0x08000de9   Thumb Code     8  rt_locale_intlibspace.o(.text)
    _ll_udiv10                               0x08000df1   Thumb Code   138  lludiv10.o(.text)
    _printf_fp_infnan                        0x08000e7d   Thumb Code   112  _printf_fp_infnan.o(.text)
    _printf_cs_common                        0x08000efd   Thumb Code    20  _printf_char.o(.text)
    _printf_char                             0x08000f11   Thumb Code    16  _printf_char.o(.text)
    _printf_string                           0x08000f21   Thumb Code     8  _printf_char.o(.text)
    _printf_lcs_common                       0x08000f29   Thumb Code    20  _printf_wchar.o(.text)
    _printf_wchar                            0x08000f3d   Thumb Code    16  _printf_wchar.o(.text)
    _printf_wstring                          0x08000f4d   Thumb Code     8  _printf_wchar.o(.text)
    _btod_etento                             0x08000f55   Thumb Code   224  bigflt0.o(.text)
    ferror                                   0x08001039   Thumb Code     8  ferror.o(.text)
    _wcrtomb                                 0x08001041   Thumb Code    64  _wcrtomb.o(.text)
    __user_libspace                          0x08001081   Thumb Code     8  libspace.o(.text)
    __user_perproc_libspace                  0x08001081   Thumb Code     0  libspace.o(.text)
    __user_perthread_libspace                0x08001081   Thumb Code     0  libspace.o(.text)
    __user_setup_stackheap                   0x08001089   Thumb Code    74  sys_stackheap_outer.o(.text)
    __rt_ctype_table                         0x080010d5   Thumb Code    16  rt_ctype_table.o(.text)
    exit                                     0x080010e5   Thumb Code    18  exit.o(.text)
    strcmp                                   0x080010f9   Thumb Code   128  strcmpv7m.o(.text)
    _btod_d2e                                0x08001179   Thumb Code    62  btod.o(CL$$btod_d2e)
    _d2e_denorm_low                          0x080011b7   Thumb Code    70  btod.o(CL$$btod_d2e_denorm_low)
    _d2e_norm_op1                            0x080011fd   Thumb Code    96  btod.o(CL$$btod_d2e_norm_op1)
    __btod_div_common                        0x0800125d   Thumb Code   696  btod.o(CL$$btod_div_common)
    _e2e                                     0x08001595   Thumb Code   220  btod.o(CL$$btod_e2e)
    _btod_ediv                               0x08001671   Thumb Code    42  btod.o(CL$$btod_ediv)
    _btod_emul                               0x0800169b   Thumb Code    42  btod.o(CL$$btod_emul)
    __btod_mult_common                       0x080016c5   Thumb Code   580  btod.o(CL$$btod_mult_common)
    A9G_Init                                 0x08001909   Thumb Code    18  a9g.o(i.A9G_Init)
    A9G_check_cmd                            0x08001925   Thumb Code    30  a9g.o(i.A9G_check_cmd)
    A9G_send_cmd                             0x0800194d   Thumb Code    76  a9g.o(i.A9G_send_cmd)
    Amp_Init                                 0x080019a5   Thumb Code    58  led.o(i.Amp_Init)
    BusFault_Handler                         0x080019e5   Thumb Code     2  stm32f10x_it.o(i.BusFault_Handler)
    DAC_Cmd                                  0x080019e9   Thumb Code    20  stm32f10x_dac.o(i.DAC_Cmd)
    DAC_Init                                 0x08001a01   Thumb Code    36  stm32f10x_dac.o(i.DAC_Init)
    DAC_SetChannel1Data                      0x08001a29   Thumb Code    14  stm32f10x_dac.o(i.DAC_SetChannel1Data)
    Dac1_Init                                0x08001a3d   Thumb Code    94  dac.o(i.Dac1_Init)
    DebugMon_Handler                         0x08001aa1   Thumb Code     2  stm32f10x_it.o(i.DebugMon_Handler)
    GPIO_Init                                0x08001aa3   Thumb Code   156  stm32f10x_gpio.o(i.GPIO_Init)
    GPIO_ReadInputDataBit                    0x08001b3f   Thumb Code    14  stm32f10x_gpio.o(i.GPIO_ReadInputDataBit)
    GPIO_ResetBits                           0x08001b4d   Thumb Code     4  stm32f10x_gpio.o(i.GPIO_ResetBits)
    GPIO_SetBits                             0x08001b51   Thumb Code     4  stm32f10x_gpio.o(i.GPIO_SetBits)
    HardFault_Handler                        0x08001b55   Thumb Code     2  stm32f10x_it.o(i.HardFault_Handler)
    KEY_Scan                                 0x08001b59   Thumb Code   160  key.o(i.KEY_Scan)
    LED_Init                                 0x08001c01   Thumb Code    48  led.o(i.LED_Init)
    MemManage_Handler                        0x08001c35   Thumb Code     2  stm32f10x_it.o(i.MemManage_Handler)
    NMI_Handler                              0x08001c37   Thumb Code     2  stm32f10x_it.o(i.NMI_Handler)
    NVIC_Init                                0x08001c39   Thumb Code    94  misc.o(i.NVIC_Init)
    NVIC_PriorityGroupConfig                 0x08001c9d   Thumb Code    10  misc.o(i.NVIC_PriorityGroupConfig)
    OLED_Clear                               0x08001cb1   Thumb Code    60  oled.o(i.OLED_Clear)
    OLED_Init                                0x08001ced   Thumb Code   368  oled.o(i.OLED_Init)
    OLED_Set_Pos                             0x08001e65   Thumb Code    44  oled.o(i.OLED_Set_Pos)
    OLED_ShowChar                            0x08001e91   Thumb Code    92  oled.o(i.OLED_ShowChar)
    OLED_ShowString                          0x08001ef1   Thumb Code    50  oled.o(i.OLED_ShowString)
    OLED_WR_Byte                             0x08001f25   Thumb Code   108  oled.o(i.OLED_WR_Byte)
    PendSV_Handler                           0x08001f99   Thumb Code     2  stm32f10x_it.o(i.PendSV_Handler)
    RCC_APB1PeriphClockCmd                   0x08001f9d   Thumb Code    18  stm32f10x_rcc.o(i.RCC_APB1PeriphClockCmd)
    RCC_APB1PeriphResetCmd                   0x08001fb5   Thumb Code    18  stm32f10x_rcc.o(i.RCC_APB1PeriphResetCmd)
    RCC_APB2PeriphClockCmd                   0x08001fcd   Thumb Code    18  stm32f10x_rcc.o(i.RCC_APB2PeriphClockCmd)
    RCC_APB2PeriphResetCmd                   0x08001fe5   Thumb Code    18  stm32f10x_rcc.o(i.RCC_APB2PeriphResetCmd)
    RCC_GetClocksFreq                        0x08001ffd   Thumb Code   132  stm32f10x_rcc.o(i.RCC_GetClocksFreq)
    SPI2_Init                                0x08002091   Thumb Code   130  spi.o(i.SPI2_Init)
    SPI2_ReadWriteByte                       0x0800211d   Thumb Code    76  spi.o(i.SPI2_ReadWriteByte)
    SPI_Cmd                                  0x0800216d   Thumb Code    20  stm32f10x_spi.o(i.SPI_Cmd)
    SPI_I2S_GetFlagStatus                    0x08002181   Thumb Code    14  stm32f10x_spi.o(i.SPI_I2S_GetFlagStatus)
    SPI_I2S_ReceiveData                      0x0800218f   Thumb Code     4  stm32f10x_spi.o(i.SPI_I2S_ReceiveData)
    SPI_I2S_SendData                         0x08002193   Thumb Code     4  stm32f10x_spi.o(i.SPI_I2S_SendData)
    SPI_Init                                 0x08002197   Thumb Code    56  stm32f10x_spi.o(i.SPI_Init)
    SVC_Handler                              0x080021cf   Thumb Code     2  stm32f10x_it.o(i.SVC_Handler)
    SysTick_CLKSourceConfig                  0x08002279   Thumb Code    24  misc.o(i.SysTick_CLKSourceConfig)
    SysTick_Handler                          0x08002291   Thumb Code     2  stm32f10x_it.o(i.SysTick_Handler)
    SystemInit                               0x08002295   Thumb Code    64  system_stm32f10x.o(i.SystemInit)
    TIM2_IRQHandler                          0x080022e5   Thumb Code    48  timer.o(i.TIM2_IRQHandler)
    TIM2_Int_Init                            0x08002319   Thumb Code    92  timer.o(i.TIM2_Int_Init)
    TIM3_IRQHandler                          0x08002375   Thumb Code    66  timer.o(i.TIM3_IRQHandler)
    TIM3_Int_Init                            0x080023c5   Thumb Code    90  timer.o(i.TIM3_Int_Init)
    TIM4_IRQHandler                          0x08002425   Thumb Code   114  timer.o(i.TIM4_IRQHandler)
    TIM4_Int_Init                            0x080024ad   Thumb Code    90  timer.o(i.TIM4_Int_Init)
    TIM_ClearITPendingBit                    0x0800250d   Thumb Code     6  stm32f10x_tim.o(i.TIM_ClearITPendingBit)
    TIM_Cmd                                  0x08002513   Thumb Code    20  stm32f10x_tim.o(i.TIM_Cmd)
    TIM_GetITStatus                          0x08002527   Thumb Code    24  stm32f10x_tim.o(i.TIM_GetITStatus)
    TIM_ITConfig                             0x0800253f   Thumb Code    16  stm32f10x_tim.o(i.TIM_ITConfig)
    TIM_SetCounter                           0x0800254f   Thumb Code     4  stm32f10x_tim.o(i.TIM_SetCounter)
    TIM_TimeBaseInit                         0x08002555   Thumb Code   114  stm32f10x_tim.o(i.TIM_TimeBaseInit)
    USART1_IRQHandler                        0x080025f1   Thumb Code    88  usart.o(i.USART1_IRQHandler)
    USART3_IRQHandler                        0x08002655   Thumb Code    90  usart3.o(i.USART3_IRQHandler)
    USART_Cmd                                0x080026bd   Thumb Code    20  stm32f10x_usart.o(i.USART_Cmd)
    USART_DeInit                             0x080026d1   Thumb Code    96  stm32f10x_usart.o(i.USART_DeInit)
    USART_GetFlagStatus                      0x08002745   Thumb Code    14  stm32f10x_usart.o(i.USART_GetFlagStatus)
    USART_GetITStatus                        0x08002753   Thumb Code    62  stm32f10x_usart.o(i.USART_GetITStatus)
    USART_ITConfig                           0x08002791   Thumb Code    48  stm32f10x_usart.o(i.USART_ITConfig)
    USART_Init                               0x080027c1   Thumb Code   166  stm32f10x_usart.o(i.USART_Init)
    USART_ReceiveData                        0x0800286d   Thumb Code     8  stm32f10x_usart.o(i.USART_ReceiveData)
    USART_SendData                           0x08002875   Thumb Code     8  stm32f10x_usart.o(i.USART_SendData)
    UsageFault_Handler                       0x0800287d   Thumb Code     2  stm32f10x_it.o(i.UsageFault_Handler)
    __ARM_fpclassify                         0x0800287f   Thumb Code    40  fpclassify.o(i.__ARM_fpclassify)
    _is_digit                                0x080028a7   Thumb Code    14  __printf_wp.o(i._is_digit)
    _sys_exit                                0x080028b5   Thumb Code     2  usart.o(i._sys_exit)
    ad_init                                  0x080028b9   Thumb Code    50  ad.o(i.ad_init)
    cal_res                                  0x080028f1   Thumb Code    68  ad.o(i.cal_res)
    delay_init                               0x08002935   Thumb Code    46  delay.o(i.delay_init)
    delay_ms                                 0x08002971   Thumb Code    46  delay.o(i.delay_ms)
    fputc                                    0x080029a5   Thumb Code    18  usart.o(i.fputc)
    io_init                                  0x080029bd   Thumb Code    76  ad.o(i.io_init)
    main                                     0x08002a15   Thumb Code   570  main.o(i.main)
    read                                     0x08002cc5   Thumb Code     6  ad.o(i.read)
    read_data                                0x08002ccd   Thumb Code    48  ad.o(i.read_data)
    set_mux                                  0x08002d05   Thumb Code    14  ad.o(i.set_mux)
    set_pga                                  0x08002d13   Thumb Code    10  ad.o(i.set_pga)
    sweep_read                               0x08002d1d   Thumb Code   118  ad.o(i.sweep_read)
    u3_printf                                0x08002da5   Thumb Code    68  usart3.o(i.u3_printf)
    uart_init                                0x08002df1   Thumb Code   152  usart.o(i.uart_init)
    usart3_init                              0x08002e91   Thumb Code   188  usart3.o(i.usart3_init)
    write_reg                                0x08002f59   Thumb Code    28  ad.o(i.write_reg)
    _get_lc_numeric                          0x08002f75   Thumb Code    44  lc_numeric_c.o(locale$$code)
    _get_lc_ctype                            0x08002fa1   Thumb Code    44  lc_ctype_c.o(locale$$code)
    __aeabi_dadd                             0x08002fcd   Thumb Code     0  daddsub_clz.o(x$fpl$dadd)
    _dadd                                    0x08002fcd   Thumb Code   332  daddsub_clz.o(x$fpl$dadd)
    __fpl_dcmp_Inf                           0x0800311d   Thumb Code    24  dcmpi.o(x$fpl$dcmpinf)
    __aeabi_ddiv                             0x08003135   Thumb Code     0  ddiv.o(x$fpl$ddiv)
    _ddiv                                    0x08003135   Thumb Code   552  ddiv.o(x$fpl$ddiv)
    __aeabi_i2d                              0x080033e5   Thumb Code     0  dflt_clz.o(x$fpl$dflt)
    _dflt                                    0x080033e5   Thumb Code    46  dflt_clz.o(x$fpl$dflt)
    __aeabi_cdcmple                          0x08003415   Thumb Code     0  dleqf.o(x$fpl$dleqf)
    _dcmple                                  0x08003415   Thumb Code   120  dleqf.o(x$fpl$dleqf)
    __fpl_dcmple_InfNaN                      0x08003477   Thumb Code     0  dleqf.o(x$fpl$dleqf)
    __aeabi_dmul                             0x0800348d   Thumb Code     0  dmul.o(x$fpl$dmul)
    _dmul                                    0x0800348d   Thumb Code   332  dmul.o(x$fpl$dmul)
    __fpl_dnaninf                            0x080035e1   Thumb Code   156  dnaninf.o(x$fpl$dnaninf)
    __fpl_dretinf                            0x0800367d   Thumb Code    12  dretinf.o(x$fpl$dretinf)
    __aeabi_dsub                             0x08003689   Thumb Code     0  daddsub_clz.o(x$fpl$dsub)
    _dsub                                    0x08003689   Thumb Code   464  daddsub_clz.o(x$fpl$dsub)
    _printf_fp_dec                           0x0800385d   Thumb Code     4  printf1.o(x$fpl$printf1)
    __I$use$fp                               0x08003860   Number         0  usenofp.o(x$fpl$usenofp)
    F8X16                                    0x08026ae0   Data        1520  oled.o(.constdata)
    Region$$Table$$Base                      0x080271a8   Number         0  anon$$obj.o(Region$$Table)
    Region$$Table$$Limit                     0x080271c8   Number         0  anon$$obj.o(Region$$Table)
    __ctype                                  0x080271f1   Data           0  lc_ctype_c.o(locale$$data)
    SystemCoreClock                          0x20000000   Data           4  system_stm32f10x.o(.data)
    AHBPrescTable                            0x20000004   Data          16  system_stm32f10x.o(.data)
    flag                                     0x20000018   Data           1  timer.o(.data)
    duty                                     0x20000019   Data           1  timer.o(.data)
    PWM_T                                    0x2000001b   Data           1  timer.o(.data)
    USART3_RX_STA                            0x20000020   Data           2  usart3.o(.data)
    USART_RX_STA                             0x20000026   Data           2  usart.o(.data)
    __stdout                                 0x20000028   Data           4  usart.o(.data)
    res                                      0x20000040   Data          96  ad.o(.bss)
    dat                                      0x200000a0   Data          48  ad.o(.bss)
    gain                                     0x200000d0   Data          48  ad.o(.bss)
    USART3_RX_BUF                            0x20000100   Data         600  usart3.o(.bss)
    USART3_TX_BUF                            0x20000358   Data         600  usart3.o(.bss)
    USART_RX_BUF                             0x200005b0   Data         200  usart.o(.bss)
    __libspace_start                         0x20000678   Data          96  libspace.o(.bss)
    __temporary_stack_top$libspace           0x200006d8   Data           0  libspace.o(.bss)



==============================================================================

Memory Map of the image

  Image Entry point : 0x08000131

  Load Region LR_IROM1 (Base: 0x08000000, Size: 0x00027334, Max: 0x000c0000, ABSOLUTE)

    Execution Region ER_IROM1 (Exec base: 0x08000000, Load base: 0x08000000, Size: 0x000272f4, Max: 0x000c0000, ABSOLUTE)

    Exec Addr    Load Addr    Size         Type   Attr      Idx    E Section Name        Object

    0x08000000   0x08000000   0x00000130   Data   RO          747    RESET               startup_stm32f10x_hd.o
    0x08000130   0x08000130   0x00000008   Code   RO         3783  * !!!main             c_w.l(__main.o)
    0x08000138   0x08000138   0x00000034   Code   RO         4096    !!!scatter          c_w.l(__scatter.o)
    0x0800016c   0x0800016c   0x0000001a   Code   RO         4098    !!handler_copy      c_w.l(__scatter_copy.o)
    0x08000186   0x08000186   0x00000002   PAD
    0x08000188   0x08000188   0x0000001c   Code   RO         4100    !!handler_zi        c_w.l(__scatter_zi.o)
    0x080001a4   0x080001a4   0x00000000   Code   RO         3776    .ARM.Collect$$_printf_percent$$00000000  c_w.l(_printf_percent.o)
    0x080001a4   0x080001a4   0x00000006   Code   RO         3862    .ARM.Collect$$_printf_percent$$00000001  c_w.l(_printf_n.o)
    0x080001aa   0x080001aa   0x00000006   Code   RO         3864    .ARM.Collect$$_printf_percent$$00000002  c_w.l(_printf_p.o)
    0x080001b0   0x080001b0   0x00000006   Code   RO         3775    .ARM.Collect$$_printf_percent$$00000003  c_w.l(_printf_f.o)
    0x080001b6   0x080001b6   0x00000006   Code   RO         3868    .ARM.Collect$$_printf_percent$$00000004  c_w.l(_printf_e.o)
    0x080001bc   0x080001bc   0x00000006   Code   RO         3869    .ARM.Collect$$_printf_percent$$00000005  c_w.l(_printf_g.o)
    0x080001c2   0x080001c2   0x00000006   Code   RO         3870    .ARM.Collect$$_printf_percent$$00000006  c_w.l(_printf_a.o)
    0x080001c8   0x080001c8   0x0000000a   Code   RO         3875    .ARM.Collect$$_printf_percent$$00000007  c_w.l(_printf_ll.o)
    0x080001d2   0x080001d2   0x00000006   Code   RO         3866    .ARM.Collect$$_printf_percent$$00000008  c_w.l(_printf_i.o)
    0x080001d8   0x080001d8   0x00000006   Code   RO         3774    .ARM.Collect$$_printf_percent$$00000009  c_w.l(_printf_d.o)
    0x080001de   0x080001de   0x00000006   Code   RO         3867    .ARM.Collect$$_printf_percent$$0000000A  c_w.l(_printf_u.o)
    0x080001e4   0x080001e4   0x00000006   Code   RO         3865    .ARM.Collect$$_printf_percent$$0000000B  c_w.l(_printf_o.o)
    0x080001ea   0x080001ea   0x00000006   Code   RO         3863    .ARM.Collect$$_printf_percent$$0000000C  c_w.l(_printf_x.o)
    0x080001f0   0x080001f0   0x00000006   Code   RO         3872    .ARM.Collect$$_printf_percent$$0000000D  c_w.l(_printf_lli.o)
    0x080001f6   0x080001f6   0x00000006   Code   RO         3873    .ARM.Collect$$_printf_percent$$0000000E  c_w.l(_printf_lld.o)
    0x080001fc   0x080001fc   0x00000006   Code   RO         3874    .ARM.Collect$$_printf_percent$$0000000F  c_w.l(_printf_llu.o)
    0x08000202   0x08000202   0x00000006   Code   RO         3879    .ARM.Collect$$_printf_percent$$00000010  c_w.l(_printf_llo.o)
    0x08000208   0x08000208   0x00000006   Code   RO         3880    .ARM.Collect$$_printf_percent$$00000011  c_w.l(_printf_llx.o)
    0x0800020e   0x0800020e   0x0000000a   Code   RO         3876    .ARM.Collect$$_printf_percent$$00000012  c_w.l(_printf_l.o)
    0x08000218   0x08000218   0x00000006   Code   RO         3860    .ARM.Collect$$_printf_percent$$00000013  c_w.l(_printf_c.o)
    0x0800021e   0x0800021e   0x00000006   Code   RO         3861    .ARM.Collect$$_printf_percent$$00000014  c_w.l(_printf_s.o)
    0x08000224   0x08000224   0x00000006   Code   RO         3877    .ARM.Collect$$_printf_percent$$00000015  c_w.l(_printf_lc.o)
    0x0800022a   0x0800022a   0x00000006   Code   RO         3878    .ARM.Collect$$_printf_percent$$00000016  c_w.l(_printf_ls.o)
    0x08000230   0x08000230   0x00000004   Code   RO         3871    .ARM.Collect$$_printf_percent$$00000017  c_w.l(_printf_percent_end.o)
    0x08000234   0x08000234   0x00000002   Code   RO         3972    .ARM.Collect$$libinit$$00000000  c_w.l(libinit.o)
    0x08000236   0x08000236   0x00000000   Code   RO         3974    .ARM.Collect$$libinit$$00000002  c_w.l(libinit2.o)
    0x08000236   0x08000236   0x00000000   Code   RO         3976    .ARM.Collect$$libinit$$00000004  c_w.l(libinit2.o)
    0x08000236   0x08000236   0x00000000   Code   RO         3979    .ARM.Collect$$libinit$$0000000A  c_w.l(libinit2.o)
    0x08000236   0x08000236   0x00000000   Code   RO         3981    .ARM.Collect$$libinit$$0000000C  c_w.l(libinit2.o)
    0x08000236   0x08000236   0x00000000   Code   RO         3983    .ARM.Collect$$libinit$$0000000E  c_w.l(libinit2.o)
    0x08000236   0x08000236   0x00000006   Code   RO         3984    .ARM.Collect$$libinit$$0000000F  c_w.l(libinit2.o)
    0x0800023c   0x0800023c   0x00000000   Code   RO         3986    .ARM.Collect$$libinit$$00000011  c_w.l(libinit2.o)
    0x0800023c   0x0800023c   0x0000000c   Code   RO         3987    .ARM.Collect$$libinit$$00000012  c_w.l(libinit2.o)
    0x08000248   0x08000248   0x00000000   Code   RO         3988    .ARM.Collect$$libinit$$00000013  c_w.l(libinit2.o)
    0x08000248   0x08000248   0x00000000   Code   RO         3990    .ARM.Collect$$libinit$$00000015  c_w.l(libinit2.o)
    0x08000248   0x08000248   0x0000000a   Code   RO         3991    .ARM.Collect$$libinit$$00000016  c_w.l(libinit2.o)
    0x08000252   0x08000252   0x00000000   Code   RO         3992    .ARM.Collect$$libinit$$00000017  c_w.l(libinit2.o)
    0x08000252   0x08000252   0x00000000   Code   RO         3994    .ARM.Collect$$libinit$$00000019  c_w.l(libinit2.o)
    0x08000252   0x08000252   0x00000000   Code   RO         3996    .ARM.Collect$$libinit$$0000001B  c_w.l(libinit2.o)
    0x08000252   0x08000252   0x00000000   Code   RO         3998    .ARM.Collect$$libinit$$0000001D  c_w.l(libinit2.o)
    0x08000252   0x08000252   0x00000000   Code   RO         4000    .ARM.Collect$$libinit$$0000001F  c_w.l(libinit2.o)
    0x08000252   0x08000252   0x00000000   Code   RO         4002    .ARM.Collect$$libinit$$00000021  c_w.l(libinit2.o)
    0x08000252   0x08000252   0x00000000   Code   RO         4004    .ARM.Collect$$libinit$$00000023  c_w.l(libinit2.o)
    0x08000252   0x08000252   0x00000000   Code   RO         4006    .ARM.Collect$$libinit$$00000025  c_w.l(libinit2.o)
    0x08000252   0x08000252   0x00000000   Code   RO         4010    .ARM.Collect$$libinit$$0000002C  c_w.l(libinit2.o)
    0x08000252   0x08000252   0x00000000   Code   RO         4012    .ARM.Collect$$libinit$$0000002E  c_w.l(libinit2.o)
    0x08000252   0x08000252   0x00000000   Code   RO         4014    .ARM.Collect$$libinit$$00000030  c_w.l(libinit2.o)
    0x08000252   0x08000252   0x00000000   Code   RO         4016    .ARM.Collect$$libinit$$00000032  c_w.l(libinit2.o)
    0x08000252   0x08000252   0x00000002   Code   RO         4017    .ARM.Collect$$libinit$$00000033  c_w.l(libinit2.o)
    0x08000254   0x08000254   0x00000002   Code   RO         4048    .ARM.Collect$$libshutdown$$00000000  c_w.l(libshutdown.o)
    0x08000256   0x08000256   0x00000000   Code   RO         4057    .ARM.Collect$$libshutdown$$00000002  c_w.l(libshutdown2.o)
    0x08000256   0x08000256   0x00000000   Code   RO         4059    .ARM.Collect$$libshutdown$$00000004  c_w.l(libshutdown2.o)
    0x08000256   0x08000256   0x00000000   Code   RO         4062    .ARM.Collect$$libshutdown$$00000007  c_w.l(libshutdown2.o)
    0x08000256   0x08000256   0x00000000   Code   RO         4065    .ARM.Collect$$libshutdown$$0000000A  c_w.l(libshutdown2.o)
    0x08000256   0x08000256   0x00000000   Code   RO         4067    .ARM.Collect$$libshutdown$$0000000C  c_w.l(libshutdown2.o)
    0x08000256   0x08000256   0x00000000   Code   RO         4070    .ARM.Collect$$libshutdown$$0000000F  c_w.l(libshutdown2.o)
    0x08000256   0x08000256   0x00000002   Code   RO         4071    .ARM.Collect$$libshutdown$$00000010  c_w.l(libshutdown2.o)
    0x08000258   0x08000258   0x00000000   Code   RO         3809    .ARM.Collect$$rtentry$$00000000  c_w.l(__rtentry.o)
    0x08000258   0x08000258   0x00000000   Code   RO         3889    .ARM.Collect$$rtentry$$00000002  c_w.l(__rtentry2.o)
    0x08000258   0x08000258   0x00000006   Code   RO         3901    .ARM.Collect$$rtentry$$00000004  c_w.l(__rtentry4.o)
    0x0800025e   0x0800025e   0x00000000   Code   RO         3891    .ARM.Collect$$rtentry$$00000009  c_w.l(__rtentry2.o)
    0x0800025e   0x0800025e   0x00000004   Code   RO         3892    .ARM.Collect$$rtentry$$0000000A  c_w.l(__rtentry2.o)
    0x08000262   0x08000262   0x00000000   Code   RO         3894    .ARM.Collect$$rtentry$$0000000C  c_w.l(__rtentry2.o)
    0x08000262   0x08000262   0x00000008   Code   RO         3895    .ARM.Collect$$rtentry$$0000000D  c_w.l(__rtentry2.o)
    0x0800026a   0x0800026a   0x00000002   Code   RO         4018    .ARM.Collect$$rtexit$$00000000  c_w.l(rtexit.o)
    0x0800026c   0x0800026c   0x00000000   Code   RO         4028    .ARM.Collect$$rtexit$$00000002  c_w.l(rtexit2.o)
    0x0800026c   0x0800026c   0x00000004   Code   RO         4029    .ARM.Collect$$rtexit$$00000003  c_w.l(rtexit2.o)
    0x08000270   0x08000270   0x00000006   Code   RO         4030    .ARM.Collect$$rtexit$$00000004  c_w.l(rtexit2.o)
    0x08000276   0x08000276   0x00000002   PAD
    0x08000278   0x08000278   0x00000040   Code   RO          748    .text               startup_stm32f10x_hd.o
    0x080002b8   0x080002b8   0x00000002   Code   RO         3738    .text               c_w.l(use_no_semi_2.o)
    0x080002ba   0x080002ba   0x00000002   PAD
    0x080002bc   0x080002bc   0x00000024   Code   RO         3740    .text               c_w.l(c89vsprintf.o)
    0x080002e0   0x080002e0   0x00000018   Code   RO         3742    .text               c_w.l(__2printf.o)
    0x080002f8   0x080002f8   0x0000002c   Code   RO         3744    .text               c_w.l(__2sprintf.o)
    0x08000324   0x08000324   0x00000078   Code   RO         3752    .text               c_w.l(_printf_dec.o)
    0x0800039c   0x0800039c   0x00000188   Code   RO         3771    .text               c_w.l(__printf_flags_ss_wp.o)
    0x08000524   0x08000524   0x00000024   Code   RO         3777    .text               c_w.l(strstr.o)
    0x08000548   0x08000548   0x0000003e   Code   RO         3779    .text               c_w.l(strlen.o)
    0x08000586   0x08000586   0x00000006   Code   RO         3781    .text               c_w.l(heapauxi.o)
    0x0800058c   0x0800058c   0x00000002   Code   RO         3807    .text               c_w.l(use_no_semi.o)
    0x0800058e   0x0800058e   0x0000004e   Code   RO         3810    .text               c_w.l(_printf_pad.o)
    0x080005dc   0x080005dc   0x00000024   Code   RO         3812    .text               c_w.l(_printf_truncate.o)
    0x08000600   0x08000600   0x00000052   Code   RO         3814    .text               c_w.l(_printf_str.o)
    0x08000652   0x08000652   0x000000b2   Code   RO         3816    .text               c_w.l(_printf_intcommon.o)
    0x08000704   0x08000704   0x00000028   Code   RO         3818    .text               c_w.l(_printf_charcount.o)
    0x0800072c   0x0800072c   0x0000041e   Code   RO         3820    .text               c_w.l(_printf_fp_dec.o)
    0x08000b4a   0x08000b4a   0x00000002   PAD
    0x08000b4c   0x08000b4c   0x00000030   Code   RO         3822    .text               c_w.l(_printf_char_common.o)
    0x08000b7c   0x08000b7c   0x0000000a   Code   RO         3824    .text               c_w.l(_sputc.o)
    0x08000b86   0x08000b86   0x00000002   PAD
    0x08000b88   0x08000b88   0x00000024   Code   RO         3826    .text               c_w.l(_printf_char_file.o)
    0x08000bac   0x08000bac   0x000000bc   Code   RO         3828    .text               c_w.l(_printf_wctomb.o)
    0x08000c68   0x08000c68   0x0000007c   Code   RO         3831    .text               c_w.l(_printf_longlong_dec.o)
    0x08000ce4   0x08000ce4   0x00000070   Code   RO         3837    .text               c_w.l(_printf_oct_int_ll.o)
    0x08000d54   0x08000d54   0x00000094   Code   RO         3857    .text               c_w.l(_printf_hex_int_ll_ptr.o)
    0x08000de8   0x08000de8   0x00000008   Code   RO         3906    .text               c_w.l(rt_locale_intlibspace.o)
    0x08000df0   0x08000df0   0x0000008a   Code   RO         3908    .text               c_w.l(lludiv10.o)
    0x08000e7a   0x08000e7a   0x00000002   PAD
    0x08000e7c   0x08000e7c   0x00000080   Code   RO         3910    .text               c_w.l(_printf_fp_infnan.o)
    0x08000efc   0x08000efc   0x0000002c   Code   RO         3914    .text               c_w.l(_printf_char.o)
    0x08000f28   0x08000f28   0x0000002c   Code   RO         3916    .text               c_w.l(_printf_wchar.o)
    0x08000f54   0x08000f54   0x000000e4   Code   RO         3918    .text               c_w.l(bigflt0.o)
    0x08001038   0x08001038   0x00000008   Code   RO         3943    .text               c_w.l(ferror.o)
    0x08001040   0x08001040   0x00000040   Code   RO         3947    .text               c_w.l(_wcrtomb.o)
    0x08001080   0x08001080   0x00000008   Code   RO         3956    .text               c_w.l(libspace.o)
    0x08001088   0x08001088   0x0000004a   Code   RO         3959    .text               c_w.l(sys_stackheap_outer.o)
    0x080010d2   0x080010d2   0x00000002   PAD
    0x080010d4   0x080010d4   0x00000010   Code   RO         3961    .text               c_w.l(rt_ctype_table.o)
    0x080010e4   0x080010e4   0x00000012   Code   RO         3963    .text               c_w.l(exit.o)
    0x080010f6   0x080010f6   0x00000002   PAD
    0x080010f8   0x080010f8   0x00000080   Code   RO         3965    .text               c_w.l(strcmpv7m.o)
    0x08001178   0x08001178   0x0000003e   Code   RO         3921    CL$$btod_d2e        c_w.l(btod.o)
    0x080011b6   0x080011b6   0x00000046   Code   RO         3923    CL$$btod_d2e_denorm_low  c_w.l(btod.o)
    0x080011fc   0x080011fc   0x00000060   Code   RO         3922    CL$$btod_d2e_norm_op1  c_w.l(btod.o)
    0x0800125c   0x0800125c   0x00000338   Code   RO         3931    CL$$btod_div_common  c_w.l(btod.o)
    0x08001594   0x08001594   0x000000dc   Code   RO         3928    CL$$btod_e2e        c_w.l(btod.o)
    0x08001670   0x08001670   0x0000002a   Code   RO         3925    CL$$btod_ediv       c_w.l(btod.o)
    0x0800169a   0x0800169a   0x0000002a   Code   RO         3924    CL$$btod_emul       c_w.l(btod.o)
    0x080016c4   0x080016c4   0x00000244   Code   RO         3930    CL$$btod_mult_common  c_w.l(btod.o)
    0x08001908   0x08001908   0x0000001c   Code   RO          608    i.A9G_Init          a9g.o
    0x08001924   0x08001924   0x00000028   Code   RO          609    i.A9G_check_cmd     a9g.o
    0x0800194c   0x0800194c   0x00000058   Code   RO          610    i.A9G_send_cmd      a9g.o
    0x080019a4   0x080019a4   0x00000040   Code   RO          273    i.Amp_Init          led.o
    0x080019e4   0x080019e4   0x00000002   Code   RO          155    i.BusFault_Handler  stm32f10x_it.o
    0x080019e6   0x080019e6   0x00000002   PAD
    0x080019e8   0x080019e8   0x00000018   Code   RO         2666    i.DAC_Cmd           stm32f10x_dac.o
    0x08001a00   0x08001a00   0x00000028   Code   RO         2671    i.DAC_Init          stm32f10x_dac.o
    0x08001a28   0x08001a28   0x00000014   Code   RO         2672    i.DAC_SetChannel1Data  stm32f10x_dac.o
    0x08001a3c   0x08001a3c   0x00000064   Code   RO          590    i.Dac1_Init         dac.o
    0x08001aa0   0x08001aa0   0x00000002   Code   RO          156    i.DebugMon_Handler  stm32f10x_it.o
    0x08001aa2   0x08001aa2   0x0000009c   Code   RO          914    i.GPIO_Init         stm32f10x_gpio.o
    0x08001b3e   0x08001b3e   0x0000000e   Code   RO          918    i.GPIO_ReadInputDataBit  stm32f10x_gpio.o
    0x08001b4c   0x08001b4c   0x00000004   Code   RO          921    i.GPIO_ResetBits    stm32f10x_gpio.o
    0x08001b50   0x08001b50   0x00000004   Code   RO          922    i.GPIO_SetBits      stm32f10x_gpio.o
    0x08001b54   0x08001b54   0x00000002   Code   RO          157    i.HardFault_Handler  stm32f10x_it.o
    0x08001b56   0x08001b56   0x00000002   PAD
    0x08001b58   0x08001b58   0x000000a8   Code   RO          292    i.KEY_Scan          key.o
    0x08001c00   0x08001c00   0x00000034   Code   RO          274    i.LED_Init          led.o
    0x08001c34   0x08001c34   0x00000002   Code   RO          158    i.MemManage_Handler  stm32f10x_it.o
    0x08001c36   0x08001c36   0x00000002   Code   RO          159    i.NMI_Handler       stm32f10x_it.o
    0x08001c38   0x08001c38   0x00000064   Code   RO          752    i.NVIC_Init         misc.o
    0x08001c9c   0x08001c9c   0x00000014   Code   RO          753    i.NVIC_PriorityGroupConfig  misc.o
    0x08001cb0   0x08001cb0   0x0000003c   Code   RO          464    i.OLED_Clear        oled.o
    0x08001cec   0x08001cec   0x00000178   Code   RO          468    i.OLED_Init         oled.o
    0x08001e64   0x08001e64   0x0000002c   Code   RO          469    i.OLED_Set_Pos      oled.o
    0x08001e90   0x08001e90   0x00000060   Code   RO          471    i.OLED_ShowChar     oled.o
    0x08001ef0   0x08001ef0   0x00000032   Code   RO          473    i.OLED_ShowString   oled.o
    0x08001f22   0x08001f22   0x00000002   PAD
    0x08001f24   0x08001f24   0x00000074   Code   RO          474    i.OLED_WR_Byte      oled.o
    0x08001f98   0x08001f98   0x00000002   Code   RO          160    i.PendSV_Handler    stm32f10x_it.o
    0x08001f9a   0x08001f9a   0x00000002   PAD
    0x08001f9c   0x08001f9c   0x00000018   Code   RO         1024    i.RCC_APB1PeriphClockCmd  stm32f10x_rcc.o
    0x08001fb4   0x08001fb4   0x00000018   Code   RO         1025    i.RCC_APB1PeriphResetCmd  stm32f10x_rcc.o
    0x08001fcc   0x08001fcc   0x00000018   Code   RO         1026    i.RCC_APB2PeriphClockCmd  stm32f10x_rcc.o
    0x08001fe4   0x08001fe4   0x00000018   Code   RO         1027    i.RCC_APB2PeriphResetCmd  stm32f10x_rcc.o
    0x08001ffc   0x08001ffc   0x00000094   Code   RO         1034    i.RCC_GetClocksFreq  stm32f10x_rcc.o
    0x08002090   0x08002090   0x0000008c   Code   RO          310    i.SPI2_Init         spi.o
    0x0800211c   0x0800211c   0x00000050   Code   RO          311    i.SPI2_ReadWriteByte  spi.o
    0x0800216c   0x0800216c   0x00000014   Code   RO         1940    i.SPI_Cmd           stm32f10x_spi.o
    0x08002180   0x08002180   0x0000000e   Code   RO         1948    i.SPI_I2S_GetFlagStatus  stm32f10x_spi.o
    0x0800218e   0x0800218e   0x00000004   Code   RO         1951    i.SPI_I2S_ReceiveData  stm32f10x_spi.o
    0x08002192   0x08002192   0x00000004   Code   RO         1952    i.SPI_I2S_SendData  stm32f10x_spi.o
    0x08002196   0x08002196   0x00000038   Code   RO         1953    i.SPI_Init          stm32f10x_spi.o
    0x080021ce   0x080021ce   0x00000002   Code   RO          161    i.SVC_Handler       stm32f10x_it.o
    0x080021d0   0x080021d0   0x000000a8   Code   RO          244    i.SetSysClockTo72   system_stm32f10x.o
    0x08002278   0x08002278   0x00000018   Code   RO          756    i.SysTick_CLKSourceConfig  misc.o
    0x08002290   0x08002290   0x00000002   Code   RO          162    i.SysTick_Handler   stm32f10x_it.o
    0x08002292   0x08002292   0x00000002   PAD
    0x08002294   0x08002294   0x00000050   Code   RO          246    i.SystemInit        system_stm32f10x.o
    0x080022e4   0x080022e4   0x00000034   Code   RO          413    i.TIM2_IRQHandler   timer.o
    0x08002318   0x08002318   0x0000005c   Code   RO          414    i.TIM2_Int_Init     timer.o
    0x08002374   0x08002374   0x00000050   Code   RO          415    i.TIM3_IRQHandler   timer.o
    0x080023c4   0x080023c4   0x00000060   Code   RO          416    i.TIM3_Int_Init     timer.o
    0x08002424   0x08002424   0x00000088   Code   RO          417    i.TIM4_IRQHandler   timer.o
    0x080024ac   0x080024ac   0x00000060   Code   RO          418    i.TIM4_Int_Init     timer.o
    0x0800250c   0x0800250c   0x00000006   Code   RO         1231    i.TIM_ClearITPendingBit  stm32f10x_tim.o
    0x08002512   0x08002512   0x00000014   Code   RO         1236    i.TIM_Cmd           stm32f10x_tim.o
    0x08002526   0x08002526   0x00000018   Code   RO         1257    i.TIM_GetITStatus   stm32f10x_tim.o
    0x0800253e   0x0800253e   0x00000010   Code   RO         1261    i.TIM_ITConfig      stm32f10x_tim.o
    0x0800254e   0x0800254e   0x00000004   Code   RO         1301    i.TIM_SetCounter    stm32f10x_tim.o
    0x08002552   0x08002552   0x00000002   PAD
    0x08002554   0x08002554   0x0000009c   Code   RO         1307    i.TIM_TimeBaseInit  stm32f10x_tim.o
    0x080025f0   0x080025f0   0x00000064   Code   RO          687    i.USART1_IRQHandler  usart.o
    0x08002654   0x08002654   0x00000068   Code   RO          552    i.USART3_IRQHandler  usart3.o
    0x080026bc   0x080026bc   0x00000014   Code   RO         1759    i.USART_Cmd         stm32f10x_usart.o
    0x080026d0   0x080026d0   0x00000074   Code   RO         1761    i.USART_DeInit      stm32f10x_usart.o
    0x08002744   0x08002744   0x0000000e   Code   RO         1762    i.USART_GetFlagStatus  stm32f10x_usart.o
    0x08002752   0x08002752   0x0000003e   Code   RO         1763    i.USART_GetITStatus  stm32f10x_usart.o
    0x08002790   0x08002790   0x00000030   Code   RO         1765    i.USART_ITConfig    stm32f10x_usart.o
    0x080027c0   0x080027c0   0x000000ac   Code   RO         1766    i.USART_Init        stm32f10x_usart.o
    0x0800286c   0x0800286c   0x00000008   Code   RO         1773    i.USART_ReceiveData  stm32f10x_usart.o
    0x08002874   0x08002874   0x00000008   Code   RO         1776    i.USART_SendData    stm32f10x_usart.o
    0x0800287c   0x0800287c   0x00000002   Code   RO          163    i.UsageFault_Handler  stm32f10x_it.o
    0x0800287e   0x0800287e   0x00000028   Code   RO         3954    i.__ARM_fpclassify  m_ws.l(fpclassify.o)
    0x080028a6   0x080028a6   0x0000000e   Code   RO         3764    i._is_digit         c_w.l(__printf_wp.o)
    0x080028b4   0x080028b4   0x00000002   Code   RO          688    i._sys_exit         usart.o
    0x080028b6   0x080028b6   0x00000002   PAD
    0x080028b8   0x080028b8   0x00000038   Code   RO          334    i.ad_init           ad.o
    0x080028f0   0x080028f0   0x00000044   Code   RO          335    i.cal_res           ad.o
    0x08002934   0x08002934   0x0000003c   Code   RO          632    i.delay_init        delay.o
    0x08002970   0x08002970   0x00000034   Code   RO          633    i.delay_ms          delay.o
    0x080029a4   0x080029a4   0x00000018   Code   RO          690    i.fputc             usart.o
    0x080029bc   0x080029bc   0x00000058   Code   RO          336    i.io_init           ad.o
    0x08002a14   0x08002a14   0x000002b0   Code   RO            1    i.main              main.o
    0x08002cc4   0x08002cc4   0x00000006   Code   RO          337    i.read              ad.o
    0x08002cca   0x08002cca   0x00000002   PAD
    0x08002ccc   0x08002ccc   0x00000038   Code   RO          338    i.read_data         ad.o
    0x08002d04   0x08002d04   0x0000000e   Code   RO          340    i.set_mux           ad.o
    0x08002d12   0x08002d12   0x0000000a   Code   RO          341    i.set_pga           ad.o
    0x08002d1c   0x08002d1c   0x00000088   Code   RO          342    i.sweep_read        ad.o
    0x08002da4   0x08002da4   0x0000004c   Code   RO          553    i.u3_printf         usart3.o
    0x08002df0   0x08002df0   0x000000a0   Code   RO          691    i.uart_init         usart.o
    0x08002e90   0x08002e90   0x000000c8   Code   RO          554    i.usart3_init       usart3.o
    0x08002f58   0x08002f58   0x0000001c   Code   RO          345    i.write_reg         ad.o
    0x08002f74   0x08002f74   0x0000002c   Code   RO         3950    locale$$code        c_w.l(lc_numeric_c.o)
    0x08002fa0   0x08002fa0   0x0000002c   Code   RO         4021    locale$$code        c_w.l(lc_ctype_c.o)
    0x08002fcc   0x08002fcc   0x00000150   Code   RO         3785    x$fpl$dadd          fz_ws.l(daddsub_clz.o)
    0x0800311c   0x0800311c   0x00000018   Code   RO         3881    x$fpl$dcmpinf       fz_ws.l(dcmpi.o)
    0x08003134   0x08003134   0x000002b0   Code   RO         3792    x$fpl$ddiv          fz_ws.l(ddiv.o)
    0x080033e4   0x080033e4   0x0000002e   Code   RO         3796    x$fpl$dflt          fz_ws.l(dflt_clz.o)
    0x08003412   0x08003412   0x00000002   PAD
    0x08003414   0x08003414   0x00000078   Code   RO         3801    x$fpl$dleqf         fz_ws.l(dleqf.o)
    0x0800348c   0x0800348c   0x00000154   Code   RO         3803    x$fpl$dmul          fz_ws.l(dmul.o)
    0x080035e0   0x080035e0   0x0000009c   Code   RO         3883    x$fpl$dnaninf       fz_ws.l(dnaninf.o)
    0x0800367c   0x0800367c   0x0000000c   Code   RO         3885    x$fpl$dretinf       fz_ws.l(dretinf.o)
    0x08003688   0x08003688   0x000001d4   Code   RO         3787    x$fpl$dsub          fz_ws.l(daddsub_clz.o)
    0x0800385c   0x0800385c   0x00000004   Code   RO         3805    x$fpl$printf1       fz_ws.l(printf1.o)
    0x08003860   0x08003860   0x00000000   Code   RO         3887    x$fpl$usenofp       fz_ws.l(usenofp.o)
    0x08003860   0x08003860   0x00023280   Data   RO          419    .constdata          timer.o
    0x08026ae0   0x08026ae0   0x000005f0   Data   RO          477    .constdata          oled.o
    0x080270d0   0x080270d0   0x00000011   Data   RO         3772    .constdata          c_w.l(__printf_flags_ss_wp.o)
    0x080270e1   0x080270e1   0x00000003   PAD
    0x080270e4   0x080270e4   0x00000008   Data   RO         3829    .constdata          c_w.l(_printf_wctomb.o)
    0x080270ec   0x080270ec   0x00000028   Data   RO         3858    .constdata          c_w.l(_printf_hex_int_ll_ptr.o)
    0x08027114   0x08027114   0x00000094   Data   RO         3919    .constdata          c_w.l(bigflt0.o)
    0x080271a8   0x080271a8   0x00000020   Data   RO         4094    Region$$Table       anon$$obj.o
    0x080271c8   0x080271c8   0x0000001c   Data   RO         3949    locale$$data        c_w.l(lc_numeric_c.o)
    0x080271e4   0x080271e4   0x00000110   Data   RO         4020    locale$$data        c_w.l(lc_ctype_c.o)


    Execution Region RW_IRAM1 (Exec base: 0x20000000, Load base: 0x080272f4, Size: 0x00000cd8, Max: 0x00018000, ABSOLUTE)

    Exec Addr    Load Addr    Size         Type   Attr      Idx    E Section Name        Object

    0x20000000   0x080272f4   0x00000014   Data   RW          247    .data               system_stm32f10x.o
    0x20000014   0x08027308   0x00000001   Data   RW          293    .data               key.o
    0x20000015   0x08027309   0x00000003   PAD
    0x20000018   0x0802730c   0x00000008   Data   RW          420    .data               timer.o
    0x20000020   0x08027314   0x00000002   Data   RW          556    .data               usart3.o
    0x20000022   0x08027316   0x00000004   Data   RW          635    .data               delay.o
    0x20000026   0x0802731a   0x00000002   Data   RW          693    .data               usart.o
    0x20000028   0x0802731c   0x00000004   Data   RW          694    .data               usart.o
    0x2000002c   0x08027320   0x00000014   Data   RW         1054    .data               stm32f10x_rcc.o
    0x20000040        -       0x000000c0   Zero   RW          346    .bss                ad.o
    0x20000100        -       0x000004b0   Zero   RW          555    .bss                usart3.o
    0x200005b0        -       0x000000c8   Zero   RW          692    .bss                usart.o
    0x20000678        -       0x00000060   Zero   RW         3957    .bss                c_w.l(libspace.o)
    0x200006d8        -       0x00000200   Zero   RW          746    HEAP                startup_stm32f10x_hd.o
    0x200008d8        -       0x00000400   Zero   RW          745    STACK               startup_stm32f10x_hd.o


==============================================================================

Image component sizes


      Code (inc. data)   RO Data    RW Data    ZI Data      Debug   Object Name

       156         32          0          0          0       2098   a9g.o
       462         44          0          0        192       6166   ad.o
       100          6          0          0          0        572   dac.o
       112         20          0          4          0       1144   delay.o
       168          8          0          1          0        699   key.o
       116         10          0          0          0        954   led.o
       688        124          0          0          0     266047   main.o
       144         16          0          0          0       2017   misc.o
       742         20       1520          0          0       4811   oled.o
       220         14          0          0          0       1253   spi.o
        64         26        304          0       1536        784   startup_stm32f10x_hd.o
        84         14          0          0          0       2319   stm32f10x_dac.o
       178          0          0          0          0       3644   stm32f10x_gpio.o
        18          0          0          0          0       3522   stm32f10x_it.o
       244         40          0         20          0       5556   stm32f10x_rcc.o
        98          0          0          0          0       3746   stm32f10x_spi.o
       226         42          0          0          0       4922   stm32f10x_tim.o
       448         26          0          0          0       6892   stm32f10x_usart.o
         0          0          0          0          0         32   sys.o
       248         24          0         20          0       1649   system_stm32f10x.o
       552         52     144000          8          0       4229   timer.o
       286         26          0          6        200       4064   usart.o
       380         34          0          2       1200       3234   usart3.o

    ----------------------------------------------------------------------
      5750        578     145856         64       3128     330354   Object Totals
         0          0         32          0          0          0   (incl. Generated)
        16          0          0          3          0          0   (incl. Padding)

    ----------------------------------------------------------------------

      Code (inc. data)   RO Data    RW Data    ZI Data      Debug   Library Member Name

        24          4          0          0          0         84   __2printf.o
        44          6          0          0          0         84   __2sprintf.o
         8          0          0          0          0         68   __main.o
       392          4         17          0          0         92   __printf_flags_ss_wp.o
        14          0          0          0          0         68   __printf_wp.o
         0          0          0          0          0          0   __rtentry.o
        12          0          0          0          0          0   __rtentry2.o
         6          0          0          0          0          0   __rtentry4.o
        52          8          0          0          0          0   __scatter.o
        26          0          0          0          0          0   __scatter_copy.o
        28          0          0          0          0          0   __scatter_zi.o
         6          0          0          0          0          0   _printf_a.o
         6          0          0          0          0          0   _printf_c.o
        44          0          0          0          0        108   _printf_char.o
        48          6          0          0          0         96   _printf_char_common.o
        36          4          0          0          0         80   _printf_char_file.o
        40          0          0          0          0         68   _printf_charcount.o
         6          0          0          0          0          0   _printf_d.o
       120         16          0          0          0         92   _printf_dec.o
         6          0          0          0          0          0   _printf_e.o
         6          0          0          0          0          0   _printf_f.o
      1054          0          0          0          0        216   _printf_fp_dec.o
       128         16          0          0          0         84   _printf_fp_infnan.o
         6          0          0          0          0          0   _printf_g.o
       148          4         40          0          0        160   _printf_hex_int_ll_ptr.o
         6          0          0          0          0          0   _printf_i.o
       178          0          0          0          0         88   _printf_intcommon.o
        10          0          0          0          0          0   _printf_l.o
         6          0          0          0          0          0   _printf_lc.o
        10          0          0          0          0          0   _printf_ll.o
         6          0          0          0          0          0   _printf_lld.o
         6          0          0          0          0          0   _printf_lli.o
         6          0          0          0          0          0   _printf_llo.o
         6          0          0          0          0          0   _printf_llu.o
         6          0          0          0          0          0   _printf_llx.o
       124         16          0          0          0         92   _printf_longlong_dec.o
         6          0          0          0          0          0   _printf_ls.o
         6          0          0          0          0          0   _printf_n.o
         6          0          0          0          0          0   _printf_o.o
       112         10          0          0          0        124   _printf_oct_int_ll.o
         6          0          0          0          0          0   _printf_p.o
        78          0          0          0          0        108   _printf_pad.o
         0          0          0          0          0          0   _printf_percent.o
         4          0          0          0          0          0   _printf_percent_end.o
         6          0          0          0          0          0   _printf_s.o
        82          0          0          0          0         80   _printf_str.o
        36          0          0          0          0         84   _printf_truncate.o
         6          0          0          0          0          0   _printf_u.o
        44          0          0          0          0        108   _printf_wchar.o
       188          6          8          0          0         92   _printf_wctomb.o
         6          0          0          0          0          0   _printf_x.o
        10          0          0          0          0         68   _sputc.o
        64          0          0          0          0         92   _wcrtomb.o
       228          4        148          0          0         96   bigflt0.o
      1936        128          0          0          0        672   btod.o
        36          4          0          0          0         76   c89vsprintf.o
        18          0          0          0          0         80   exit.o
         8          0          0          0          0         68   ferror.o
         6          0          0          0          0        152   heapauxi.o
        44         10        272          0          0         76   lc_ctype_c.o
        44         10         28          0          0         76   lc_numeric_c.o
         2          0          0          0          0          0   libinit.o
        30          0          0          0          0          0   libinit2.o
         2          0          0          0          0          0   libshutdown.o
         2          0          0          0          0          0   libshutdown2.o
         8          4          0          0         96         68   libspace.o
       138          0          0          0          0         80   lludiv10.o
        16          4          0          0          0         76   rt_ctype_table.o
         8          4          0          0          0         68   rt_locale_intlibspace.o
         2          0          0          0          0          0   rtexit.o
        10          0          0          0          0          0   rtexit2.o
       128          0          0          0          0         68   strcmpv7m.o
        62          0          0          0          0         76   strlen.o
        36          0          0          0          0         80   strstr.o
        74          0          0          0          0         80   sys_stackheap_outer.o
         2          0          0          0          0         68   use_no_semi.o
         2          0          0          0          0         68   use_no_semi_2.o
       804         16          0          0          0        272   daddsub_clz.o
        24          0          0          0          0         68   dcmpi.o
       688        140          0          0          0        208   ddiv.o
        46          0          0          0          0         68   dflt_clz.o
       120          4          0          0          0         92   dleqf.o
       340         12          0          0          0        104   dmul.o
       156          4          0          0          0         92   dnaninf.o
        12          0          0          0          0         68   dretinf.o
         4          0          0          0          0         68   printf1.o
         0          0          0          0          0          0   usenofp.o
        40          0          0          0          0         68   fpclassify.o

    ----------------------------------------------------------------------
      8378        444        516          0         96       5372   Library Totals
        18          0          3          0          0          0   (incl. Padding)

    ----------------------------------------------------------------------

      Code (inc. data)   RO Data    RW Data    ZI Data      Debug   Library Name

      6126        268        513          0         96       4264   c_w.l
      2194        176          0          0          0       1040   fz_ws.l
        40          0          0          0          0         68   m_ws.l

    ----------------------------------------------------------------------
      8378        444        516          0         96       5372   Library Totals

    ----------------------------------------------------------------------

==============================================================================


      Code (inc. data)   RO Data    RW Data    ZI Data      Debug   

     14128       1022     146372         64       3224     328650   Grand Totals
     14128       1022     146372         64       3224     328650   ELF Image Totals
     14128       1022     146372         64          0          0   ROM Totals

==============================================================================

    Total RO  Size (Code + RO Data)               160500 ( 156.74kB)
    Total RW  Size (RW Data + ZI Data)              3288 (   3.21kB)
    Total ROM Size (Code + RO Data + RW Data)     160564 ( 156.80kB)

==============================================================================

